Archive member included to satisfy reference by file (symbol)

c:/soft/stm32cubeide_1.6.0/stm32cubeide/plugins/com.st.stm32cube.ide.mcu.externaltools.gnu-tools-for-stm32.9-2020-q2-update.win32_1.5.0.202011040924/tools/bin/../lib/gcc/arm-none-eabi/9.3.1/../../../../arm-none-eabi/lib/thumb/v7e-m+fp/hard\libstdc++_nano.a(del_op.o)
                              Core/Src/icm42605.o (operator delete(void*))
c:/soft/stm32cubeide_1.6.0/stm32cubeide/plugins/com.st.stm32cube.ide.mcu.externaltools.gnu-tools-for-stm32.9-2020-q2-update.win32_1.5.0.202011040924/tools/bin/../lib/gcc/arm-none-eabi/9.3.1/../../../../arm-none-eabi/lib/thumb/v7e-m+fp/hard\libstdc++_nano.a(new_op.o)
                              Core/Src/icm42605.o (operator new(unsigned int))
c:/soft/stm32cubeide_1.6.0/stm32cubeide/plugins/com.st.stm32cube.ide.mcu.externaltools.gnu-tools-for-stm32.9-2020-q2-update.win32_1.5.0.202011040924/tools/bin/../lib/gcc/arm-none-eabi/9.3.1/../../../../arm-none-eabi/lib/thumb/v7e-m+fp/hard\libstdc++_nano.a(functexcept.o)
                              Core/Src/icm42605.o (std::__throw_bad_alloc())
c:/soft/stm32cubeide_1.6.0/stm32cubeide/plugins/com.st.stm32cube.ide.mcu.externaltools.gnu-tools-for-stm32.9-2020-q2-update.win32_1.5.0.202011040924/tools/bin/../lib/gcc/arm-none-eabi/9.3.1/../../../../arm-none-eabi/lib/thumb/v7e-m+fp/hard\libstdc++_nano.a(snprintf_lite.o)
                              c:/soft/stm32cubeide_1.6.0/stm32cubeide/plugins/com.st.stm32cube.ide.mcu.externaltools.gnu-tools-for-stm32.9-2020-q2-update.win32_1.5.0.202011040924/tools/bin/../lib/gcc/arm-none-eabi/9.3.1/../../../../arm-none-eabi/lib/thumb/v7e-m+fp/hard\libstdc++_nano.a(functexcept.o) (__gnu_cxx::__snprintf_lite(char*, unsigned int, char const*, std::__va_list))
c:/soft/stm32cubeide_1.6.0/stm32cubeide/plugins/com.st.stm32cube.ide.mcu.externaltools.gnu-tools-for-stm32.9-2020-q2-update.win32_1.5.0.202011040924/tools/bin/../lib/gcc/arm-none-eabi/9.3.1/../../../../arm-none-eabi/lib/thumb/v7e-m+fp/hard\libstdc++_nano.a(new_handler.o)
                              c:/soft/stm32cubeide_1.6.0/stm32cubeide/plugins/com.st.stm32cube.ide.mcu.externaltools.gnu-tools-for-stm32.9-2020-q2-update.win32_1.5.0.202011040924/tools/bin/../lib/gcc/arm-none-eabi/9.3.1/../../../../arm-none-eabi/lib/thumb/v7e-m+fp/hard\libstdc++_nano.a(new_op.o) (std::get_new_handler())
c:/soft/stm32cubeide_1.6.0/stm32cubeide/plugins/com.st.stm32cube.ide.mcu.externaltools.gnu-tools-for-stm32.9-2020-q2-update.win32_1.5.0.202011040924/tools/bin/../lib/gcc/arm-none-eabi/9.3.1/../../../../arm-none-eabi/lib/thumb/v7e-m+fp/hard\libm.a(lib_a-w_sqrt.o)
                              Core/Src/icm42605.o (sqrt)
c:/soft/stm32cubeide_1.6.0/stm32cubeide/plugins/com.st.stm32cube.ide.mcu.externaltools.gnu-tools-for-stm32.9-2020-q2-update.win32_1.5.0.202011040924/tools/bin/../lib/gcc/arm-none-eabi/9.3.1/../../../../arm-none-eabi/lib/thumb/v7e-m+fp/hard\libm.a(lib_a-wf_asin.o)
                              Core/Src/icm42605.o (asinf)
c:/soft/stm32cubeide_1.6.0/stm32cubeide/plugins/com.st.stm32cube.ide.mcu.externaltools.gnu-tools-for-stm32.9-2020-q2-update.win32_1.5.0.202011040924/tools/bin/../lib/gcc/arm-none-eabi/9.3.1/../../../../arm-none-eabi/lib/thumb/v7e-m+fp/hard\libm.a(lib_a-e_sqrt.o)
                              c:/soft/stm32cubeide_1.6.0/stm32cubeide/plugins/com.st.stm32cube.ide.mcu.externaltools.gnu-tools-for-stm32.9-2020-q2-update.win32_1.5.0.202011040924/tools/bin/../lib/gcc/arm-none-eabi/9.3.1/../../../../arm-none-eabi/lib/thumb/v7e-m+fp/hard\libm.a(lib_a-w_sqrt.o) (__ieee754_sqrt)
c:/soft/stm32cubeide_1.6.0/stm32cubeide/plugins/com.st.stm32cube.ide.mcu.externaltools.gnu-tools-for-stm32.9-2020-q2-update.win32_1.5.0.202011040924/tools/bin/../lib/gcc/arm-none-eabi/9.3.1/../../../../arm-none-eabi/lib/thumb/v7e-m+fp/hard\libm.a(lib_a-ef_asin.o)
                              c:/soft/stm32cubeide_1.6.0/stm32cubeide/plugins/com.st.stm32cube.ide.mcu.externaltools.gnu-tools-for-stm32.9-2020-q2-update.win32_1.5.0.202011040924/tools/bin/../lib/gcc/arm-none-eabi/9.3.1/../../../../arm-none-eabi/lib/thumb/v7e-m+fp/hard\libm.a(lib_a-wf_asin.o) (__ieee754_asinf)
c:/soft/stm32cubeide_1.6.0/stm32cubeide/plugins/com.st.stm32cube.ide.mcu.externaltools.gnu-tools-for-stm32.9-2020-q2-update.win32_1.5.0.202011040924/tools/bin/../lib/gcc/arm-none-eabi/9.3.1/../../../../arm-none-eabi/lib/thumb/v7e-m+fp/hard\libm.a(lib_a-ef_sqrt.o)
                              c:/soft/stm32cubeide_1.6.0/stm32cubeide/plugins/com.st.stm32cube.ide.mcu.externaltools.gnu-tools-for-stm32.9-2020-q2-update.win32_1.5.0.202011040924/tools/bin/../lib/gcc/arm-none-eabi/9.3.1/../../../../arm-none-eabi/lib/thumb/v7e-m+fp/hard\libm.a(lib_a-ef_asin.o) (__ieee754_sqrtf)
[...]
Memory Configuration

Name             Origin             Length             Attributes
RAM              0x0000000020000000 0x0000000000020000 xrw
FLASH            0x0000000008000000 0x0000000000080000 xr
*default*        0x0000000000000000 0xffffffffffffffff

Linker script and memory map

LOAD c:/soft/stm32cubeide_1.6.0/stm32cubeide/plugins/com.st.stm32cube.ide.mcu.externaltools.gnu-tools-for-stm32.9-2020-q2-update.win32_1.5.0.202011040924/tools/bin/../lib/gcc/arm-none-eabi/9.3.1/thumb/v7e-m+fp/hard/crti.o
LOAD c:/soft/stm32cubeide_1.6.0/stm32cubeide/plugins/com.st.stm32cube.ide.mcu.externaltools.gnu-tools-for-stm32.9-2020-q2-update.win32_1.5.0.202011040924/tools/bin/../lib/gcc/arm-none-eabi/9.3.1/thumb/v7e-m+fp/hard/crtbegin.o
LOAD c:/soft/stm32cubeide_1.6.0/stm32cubeide/plugins/com.st.stm32cube.ide.mcu.externaltools.gnu-tools-for-stm32.9-2020-q2-update.win32_1.5.0.202011040924/tools/bin/../lib/gcc/arm-none-eabi/9.3.1/../../../../arm-none-eabi/lib/thumb/v7e-m+fp/hard/crt0.o
LOAD Core/Src/bmp388.o
LOAD Core/Src/icm42605.o
LOAD Core/Src/kalman.o
LOAD Core/Src/main.o
LOAD Core/Src/matrix_math.o
LOAD Core/Src/stm32g4xx_hal_msp.o
LOAD Core/Src/stm32g4xx_it.o
LOAD Core/Src/syscalls.o
LOAD Core/Src/sysmem.o
LOAD Core/Src/system_stm32g4xx.o
LOAD Core/Startup/startup_stm32g473cetx.o
LOAD Drivers/STM32G4xx_HAL_Driver/Src/stm32g4xx_hal.o
LOAD Drivers/STM32G4xx_HAL_Driver/Src/stm32g4xx_hal_cortex.o
LOAD Drivers/STM32G4xx_HAL_Driver/Src/stm32g4xx_hal_dma.o
LOAD Drivers/STM32G4xx_HAL_Driver/Src/stm32g4xx_hal_dma_ex.o
LOAD Drivers/STM32G4xx_HAL_Driver/Src/stm32g4xx_hal_exti.o
LOAD Drivers/STM32G4xx_HAL_Driver/Src/stm32g4xx_hal_flash.o
LOAD Drivers/STM32G4xx_HAL_Driver/Src/stm32g4xx_hal_flash_ex.o
LOAD Drivers/STM32G4xx_HAL_Driver/Src/stm32g4xx_hal_flash_ramfunc.o
LOAD Drivers/STM32G4xx_HAL_Driver/Src/stm32g4xx_hal_gpio.o
LOAD Drivers/STM32G4xx_HAL_Driver/Src/stm32g4xx_hal_i2c.o
LOAD Drivers/STM32G4xx_HAL_Driver/Src/stm32g4xx_hal_i2c_ex.o
LOAD Drivers/STM32G4xx_HAL_Driver/Src/stm32g4xx_hal_pcd.o
LOAD Drivers/STM32G4xx_HAL_Driver/Src/stm32g4xx_hal_pcd_ex.o
LOAD Drivers/STM32G4xx_HAL_Driver/Src/stm32g4xx_hal_pwr.o
LOAD Drivers/STM32G4xx_HAL_Driver/Src/stm32g4xx_hal_pwr_ex.o
LOAD Drivers/STM32G4xx_HAL_Driver/Src/stm32g4xx_hal_rcc.o
LOAD Drivers/STM32G4xx_HAL_Driver/Src/stm32g4xx_hal_rcc_ex.o
LOAD Drivers/STM32G4xx_HAL_Driver/Src/stm32g4xx_hal_spi.o
LOAD Drivers/STM32G4xx_HAL_Driver/Src/stm32g4xx_hal_spi_ex.o
LOAD Drivers/STM32G4xx_HAL_Driver/Src/stm32g4xx_hal_tim.o
LOAD Drivers/STM32G4xx_HAL_Driver/Src/stm32g4xx_hal_tim_ex.o
LOAD Drivers/STM32G4xx_HAL_Driver/Src/stm32g4xx_ll_usb.o
LOAD Middlewares/ST/STM32_USB_Device_Library/Class/CDC/Src/usbd_cdc.o
LOAD Middlewares/ST/STM32_USB_Device_Library/Core/Src/usbd_core.o
LOAD Middlewares/ST/STM32_USB_Device_Library/Core/Src/usbd_ctlreq.o
LOAD Middlewares/ST/STM32_USB_Device_Library/Core/Src/usbd_ioreq.o
LOAD USB_Device/App/usb_device.o
LOAD USB_Device/App/usbd_cdc_if.o
LOAD USB_Device/App/usbd_desc.o
LOAD USB_Device/Target/usbd_conf.o
START GROUP
LOAD c:/soft/stm32cubeide_1.6.0/stm32cubeide/plugins/com.st.stm32cube.ide.mcu.externaltools.gnu-tools-for-stm32.9-2020-q2-update.win32_1.5.0.202011040924/tools/bin/../lib/gcc/arm-none-eabi/9.3.1/../../../../arm-none-eabi/lib/thumb/v7e-m+fp/hard\libstdc++_nano.a
LOAD c:/soft/stm32cubeide_1.6.0/stm32cubeide/plugins/com.st.stm32cube.ide.mcu.externaltools.gnu-tools-for-stm32.9-2020-q2-update.win32_1.5.0.202011040924/tools/bin/../lib/gcc/arm-none-eabi/9.3.1/../../../../arm-none-eabi/lib/thumb/v7e-m+fp/hard\libsupc++_nano.a
END GROUP
LOAD c:/soft/stm32cubeide_1.6.0/stm32cubeide/plugins/com.st.stm32cube.ide.mcu.externaltools.gnu-tools-for-stm32.9-2020-q2-update.win32_1.5.0.202011040924/tools/bin/../lib/gcc/arm-none-eabi/9.3.1/../../../../arm-none-eabi/lib/thumb/v7e-m+fp/hard\libstdc++_nano.a
LOAD c:/soft/stm32cubeide_1.6.0/stm32cubeide/plugins/com.st.stm32cube.ide.mcu.externaltools.gnu-tools-for-stm32.9-2020-q2-update.win32_1.5.0.202011040924/tools/bin/../lib/gcc/arm-none-eabi/9.3.1/../../../../arm-none-eabi/lib/thumb/v7e-m+fp/hard\libm.a
LOAD c:/soft/stm32cubeide_1.6.0/stm32cubeide/plugins/com.st.stm32cube.ide.mcu.externaltools.gnu-tools-for-stm32.9-2020-q2-update.win32_1.5.0.202011040924/tools/bin/../lib/gcc/arm-none-eabi/9.3.1/../../../../arm-none-eabi/lib/thumb/v7e-m+fp/hard\libc_nano.a
START GROUP
LOAD c:/soft/stm32cubeide_1.6.0/stm32cubeide/plugins/com.st.stm32cube.ide.mcu.externaltools.gnu-tools-for-stm32.9-2020-q2-update.win32_1.5.0.202011040924/tools/bin/../lib/gcc/arm-none-eabi/9.3.1/thumb/v7e-m+fp/hard\libgcc.a
LOAD c:/soft/stm32cubeide_1.6.0/stm32cubeide/plugins/com.st.stm32cube.ide.mcu.externaltools.gnu-tools-for-stm32.9-2020-q2-update.win32_1.5.0.202011040924/tools/bin/../lib/gcc/arm-none-eabi/9.3.1/../../../../arm-none-eabi/lib/thumb/v7e-m+fp/hard\libc_nano.a
END GROUP
START GROUP
LOAD c:/soft/stm32cubeide_1.6.0/stm32cubeide/plugins/com.st.stm32cube.ide.mcu.externaltools.gnu-tools-for-stm32.9-2020-q2-update.win32_1.5.0.202011040924/tools/bin/../lib/gcc/arm-none-eabi/9.3.1/thumb/v7e-m+fp/hard\libgcc.a
LOAD c:/soft/stm32cubeide_1.6.0/stm32cubeide/plugins/com.st.stm32cube.ide.mcu.externaltools.gnu-tools-for-stm32.9-2020-q2-update.win32_1.5.0.202011040924/tools/bin/../lib/gcc/arm-none-eabi/9.3.1/../../../../arm-none-eabi/lib/thumb/v7e-m+fp/hard\libc_nano.a
LOAD c:/soft/stm32cubeide_1.6.0/stm32cubeide/plugins/com.st.stm32cube.ide.mcu.externaltools.gnu-tools-for-stm32.9-2020-q2-update.win32_1.5.0.202011040924/tools/bin/../lib/gcc/arm-none-eabi/9.3.1/../../../../arm-none-eabi/lib/thumb/v7e-m+fp/hard\libnosys.a
END GROUP
START GROUP
LOAD c:/soft/stm32cubeide_1.6.0/stm32cubeide/plugins/com.st.stm32cube.ide.mcu.externaltools.gnu-tools-for-stm32.9-2020-q2-update.win32_1.5.0.202011040924/tools/bin/../lib/gcc/arm-none-eabi/9.3.1/thumb/v7e-m+fp/hard\libgcc.a
LOAD c:/soft/stm32cubeide_1.6.0/stm32cubeide/plugins/com.st.stm32cube.ide.mcu.externaltools.gnu-tools-for-stm32.9-2020-q2-update.win32_1.5.0.202011040924/tools/bin/../lib/gcc/arm-none-eabi/9.3.1/../../../../arm-none-eabi/lib/thumb/v7e-m+fp/hard\libc_nano.a
LOAD c:/soft/stm32cubeide_1.6.0/stm32cubeide/plugins/com.st.stm32cube.ide.mcu.externaltools.gnu-tools-for-stm32.9-2020-q2-update.win32_1.5.0.202011040924/tools/bin/../lib/gcc/arm-none-eabi/9.3.1/../../../../arm-none-eabi/lib/thumb/v7e-m+fp/hard\libnosys.a
END GROUP
LOAD c:/soft/stm32cubeide_1.6.0/stm32cubeide/plugins/com.st.stm32cube.ide.mcu.externaltools.gnu-tools-for-stm32.9-2020-q2-update.win32_1.5.0.202011040924/tools/bin/../lib/gcc/arm-none-eabi/9.3.1/thumb/v7e-m+fp/hard/crtend.o
LOAD c:/soft/stm32cubeide_1.6.0/stm32cubeide/plugins/com.st.stm32cube.ide.mcu.externaltools.gnu-tools-for-stm32.9-2020-q2-update.win32_1.5.0.202011040924/tools/bin/../lib/gcc/arm-none-eabi/9.3.1/thumb/v7e-m+fp/hard/crtn.o
                0x0000000020020000                _estack = (ORIGIN (RAM) + LENGTH (RAM))
                0x0000000000000200                _Min_Heap_Size = 0x200
                0x0000000000000400                _Min_Stack_Size = 0x400

.isr_vector     0x0000000008000000      0x1d8
                0x0000000008000000                . = ALIGN (0x4)
 *(.isr_vector)
 .isr_vector    0x0000000008000000      0x1d8 Core/Startup/startup_stm32g473cetx.o
                0x0000000008000000                g_pfnVectors
                0x00000000080001d8                . = ALIGN (0x4)

.text           0x00000000080001e0     0x8e8c
                0x00000000080001e0                . = ALIGN (0x4)
 *(.text)
 .text          0x00000000080001e0       0x40 c:/soft/stm32cubeide_1.6.0/stm32cubeide/plugins/com.st.stm32cube.ide.mcu.externaltools.gnu-tools-for-stm32.9-2020-q2-update.win32_1.5.0.202011040924/tools/bin/../lib/gcc/arm-none-eabi/9.3.1/thumb/v7e-m+fp/hard/crtbegin.o
 .text          0x0000000008000220       0x10 c:/soft/stm32cubeide_1.6.0/stm32cubeide/plugins/com.st.stm32cube.ide.mcu.externaltools.gnu-tools-for-stm32.9-2020-q2-update.win32_1.5.0.202011040924/tools/bin/../lib/gcc/arm-none-eabi/9.3.1/../../../../arm-none-eabi/lib/thumb/v7e-m+fp/hard\libc_nano.a(lib_a-strlen.o)
                0x0000000008000220                strlen
 .text          0x0000000008000230       0xa0 c:/soft/stm32cubeide_1.6.0/stm32cubeide/plugins/com.st.stm32cube.ide.mcu.externaltools.gnu-tools-for-stm32.9-2020-q2-update.win32_1.5.0.202011040924/tools/bin/../lib/gcc/arm-none-eabi/9.3.1/../../../../arm-none-eabi/lib/thumb/v7e-m+fp/hard\libc_nano.a(lib_a-memchr.o)
                0x0000000008000230                memchr
 .text          0x00000000080002d0      0x378 c:/soft/stm32cubeide_1.6.0/stm32cubeide/plugins/com.st.stm32cube.ide.mcu.externaltools.gnu-tools-for-stm32.9-2020-q2-update.win32_1.5.0.202011040924/tools/bin/../lib/gcc/arm-none-eabi/9.3.1/thumb/v7e-m+fp/hard\libgcc.a(_arm_addsubdf3.o)
                0x00000000080002d0                __aeabi_drsub
                0x00000000080002d8                __aeabi_dsub
                0x00000000080002d8                __subdf3
                0x00000000080002dc                __aeabi_dadd
                0x00000000080002dc                __adddf3
                0x0000000008000554                __floatunsidf
                0x0000000008000554                __aeabi_ui2d
                0x0000000008000574                __floatsidf
                0x0000000008000574                __aeabi_i2d
                0x0000000008000598                __aeabi_f2d
                0x0000000008000598                __extendsfdf2
                0x00000000080005dc                __floatundidf
                0x00000000080005dc                __aeabi_ul2d
                0x00000000080005ec                __floatdidf
                0x00000000080005ec                __aeabi_l2d
 .text          0x0000000008000648      0x424 c:/soft/stm32cubeide_1.6.0/stm32cubeide/plugins/com.st.stm32cube.ide.mcu.externaltools.gnu-tools-for-stm32.9-2020-q2-update.win32_1.5.0.202011040924/tools/bin/../lib/gcc/arm-none-eabi/9.3.1/thumb/v7e-m+fp/hard\libgcc.a(_arm_muldivdf3.o)
                0x0000000008000648                __aeabi_dmul
                0x0000000008000648                __muldf3
                0x000000000800089c                __divdf3
                0x000000000800089c                __aeabi_ddiv
 .text          0x0000000008000a6c      0x110 c:/soft/stm32cubeide_1.6.0/stm32cubeide/plugins/com.st.stm32cube.ide.mcu.externaltools.gnu-tools-for-stm32.9-2020-q2-update.win32_1.5.0.202011040924/tools/bin/../lib/gcc/arm-none-eabi/9.3.1/thumb/v7e-m+fp/hard\libgcc.a(_arm_cmpdf2.o)
                0x0000000008000a6c                __gtdf2
                0x0000000008000a6c                __gedf2
                0x0000000008000a74                __ltdf2
                0x0000000008000a74                __ledf2
                0x0000000008000a7c                __nedf2
                0x0000000008000a7c                __eqdf2
                0x0000000008000a7c                __cmpdf2
                0x0000000008000af8                __aeabi_cdrcmple
                0x0000000008000b08                __aeabi_cdcmpeq
                0x0000000008000b08                __aeabi_cdcmple
                0x0000000008000b18                __aeabi_dcmpeq
                0x0000000008000b2c                __aeabi_dcmplt
                0x0000000008000b40                __aeabi_dcmple
                0x0000000008000b54                __aeabi_dcmpge
                0x0000000008000b68                __aeabi_dcmpgt
 .text          0x0000000008000b7c       0x2c c:/soft/stm32cubeide_1.6.0/stm32cubeide/plugins/com.st.stm32cube.ide.mcu.externaltools.gnu-tools-for-stm32.9-2020-q2-update.win32_1.5.0.202011040924/tools/bin/../lib/gcc/arm-none-eabi/9.3.1/thumb/v7e-m+fp/hard\libgcc.a(_arm_unorddf2.o)
                0x0000000008000b7c                __unorddf2
                0x0000000008000b7c                __aeabi_dcmpun
 .text          0x0000000008000ba8       0xa0 c:/soft/stm32cubeide_1.6.0/stm32cubeide/plugins/com.st.stm32cube.ide.mcu.externaltools.gnu-tools-for-stm32.9-2020-q2-update.win32_1.5.0.202011040924/tools/bin/../lib/gcc/arm-none-eabi/9.3.1/thumb/v7e-m+fp/hard\libgcc.a(_arm_truncdfsf2.o)
                0x0000000008000ba8                __truncdfsf2
                0x0000000008000ba8                __aeabi_d2f
 *(.text*)
 .text._ZN6bmp388C2Ev
                0x0000000008000c48       0x20 Core/Src/bmp388.o
                0x0000000008000c48                bmp388::bmp388()
                0x0000000008000c48                bmp388::bmp388()
 .text._ZN6bmp388D2Ev
                0x0000000008000c68        0x2 Core/Src/bmp388.o
                0x0000000008000c68                bmp388::~bmp388()
                0x0000000008000c68                bmp388::~bmp388()
 .text._ZN6bmp38811chip_selectEt
                0x0000000008000c6a        0x4 Core/Src/bmp388.o
                0x0000000008000c6a                bmp388::chip_select(unsigned short)
 .text._ZN6bmp3883spiEP19__SPI_HandleTypeDefS1_S1_
                0x0000000008000c6e        0x8 Core/Src/bmp388.o
                0x0000000008000c6e                bmp388::spi(__SPI_HandleTypeDef*, __SPI_HandleTypeDef*, __SPI_HandleTypeDef*)
 *fill*         0x0000000008000c76        0x2 
 .text._ZN6bmp38815calculate_coeffEv
                0x0000000008000c78      0x1b4 Core/Src/bmp388.o
                0x0000000008000c78                bmp388::calculate_coeff()
 .text._ZN6bmp38810compensateEv
                0x0000000008000e2c       0xd2 Core/Src/bmp388.o
                0x0000000008000e2c                bmp388::compensate()
 *fill*         0x0000000008000efe        0x2 
 .text._ZN6bmp38814SPI_2_3_enableEv
                0x0000000008000f00       0x30 Core/Src/bmp388.o
                0x0000000008000f00                bmp388::SPI_2_3_enable()
 .text._ZN6bmp38815SPI_2_3_disableEv
                0x0000000008000f30       0x30 Core/Src/bmp388.o
                0x0000000008000f30                bmp388::SPI_2_3_disable()
 .text._ZN6bmp3884initEv
                0x0000000008000f60      0x130 Core/Src/bmp388.o
                0x0000000008000f60                bmp388::init()
 .text._ZN6bmp3887readoutEv
                0x0000000008001090       0x96 Core/Src/bmp388.o
                0x0000000008001090                bmp388::readout()
 .text._ZNSt12_Vector_baseIfSaIfEE13_M_deallocateEPfj.isra.0
                0x0000000008001126        0x8 Core/Src/icm42605.o
 .text._ZN9__gnu_cxx13new_allocatorIfE8allocateEjPKv.isra.0
                0x000000000800112e       0x16 Core/Src/icm42605.o
 .text._ZN8ICM426054InitEv
                0x0000000008001144       0x74 Core/Src/icm42605.o
                0x0000000008001144                ICM42605::Init()
 .text._ZNSt12_Destroy_auxILb0EE9__destroyIPSt6vectorIfSaIfEEEEvT_S6_
                0x00000000080011b8       0x16 Core/Src/icm42605.o
                0x00000000080011b8                void std::_Destroy_aux<false>::__destroy<std::vector<float, std::allocator<float> >*>(std::vector<float, std::allocator<float> >*, std::vector<float, std::allocator<float> >*)
 .text._ZNSt6vectorIS_IfSaIfEESaIS1_EED2Ev
                0x00000000080011ce       0x18 Core/Src/icm42605.o
                0x00000000080011ce                std::vector<std::vector<float, std::allocator<float> >, std::allocator<std::vector<float, std::allocator<float> > > >::~vector()
                0x00000000080011ce                std::vector<std::vector<float, std::allocator<float> >, std::allocator<std::vector<float, std::allocator<float> > > >::~vector()
 .text._ZN8ICM42605D2Ev
                0x00000000080011e6       0x2c Core/Src/icm42605.o
                0x00000000080011e6                ICM42605::~ICM42605()
                0x00000000080011e6                ICM42605::~ICM42605()
 .text._ZNSt11__copy_moveILb0ELb1ESt26random_access_iterator_tagE8__copy_mIfEEPT_PKS3_S6_S4_
                0x0000000008001212       0x1c Core/Src/icm42605.o
                0x0000000008001212                float* std::__copy_move<false, true, std::random_access_iterator_tag>::__copy_m<float>(float const*, float const*, float*)
 *fill*         0x000000000800122e        0x2 
 .text._ZNSt6vectorIfSaIfEE19_M_range_initializeIPKfEEvT_S5_St20forward_iterator_tag.isra.0
                0x0000000008001230       0x38 Core/Src/icm42605.o
 .text._ZNSt6vectorIfSaIfEE13_M_assign_auxIPKfEEvT_S5_St20forward_iterator_tag
                0x0000000008001268       0x88 Core/Src/icm42605.o
                0x0000000008001268                void std::vector<float, std::allocator<float> >::_M_assign_aux<float const*>(float const*, float const*, std::forward_iterator_tag)
 .text._ZN8ICM42605C2Ev
                0x00000000080012f0       0x3e Core/Src/icm42605.o
                0x00000000080012f0                ICM42605::ICM42605()
                0x00000000080012f0                ICM42605::ICM42605()
 .text._ZNSt11__copy_moveILb0ELb1ESt26random_access_iterator_tagE8__copy_mIsEEPT_PKS3_S6_S4_
                0x000000000800132e       0x1c Core/Src/icm42605.o
                0x000000000800132e                short* std::__copy_move<false, true, std::random_access_iterator_tag>::__copy_m<short>(short const*, short const*, short*)
 *fill*         0x000000000800134a        0x2 
 .text._ZNSt6vectorIsSaIsEE13_M_assign_auxIPKsEEvT_S5_St20forward_iterator_tag
                0x000000000800134c       0x8c Core/Src/icm42605.o
                0x000000000800134c                void std::vector<short, std::allocator<short> >::_M_assign_aux<short const*>(short const*, short const*, std::forward_iterator_tag)
 .text._ZNSt6vectorIfSaIfEEaSERKS1_
                0x00000000080013d8       0x7a Core/Src/icm42605.o
                0x00000000080013d8                std::vector<float, std::allocator<float> >::operator=(std::vector<float, std::allocator<float> > const&)
 .text._ZNSt6vectorIfSaIfEEC2ERKS1_
                0x0000000008001452       0x34 Core/Src/icm42605.o
                0x0000000008001452                std::vector<float, std::allocator<float> >::vector(std::vector<float, std::allocator<float> > const&)
                0x0000000008001452                std::vector<float, std::allocator<float> >::vector(std::vector<float, std::allocator<float> > const&)
 *fill*         0x0000000008001486        0x2 
 .text._ZNSt6vectorIS_IfSaIfEESaIS1_EE13_M_assign_auxIPKS1_EEvT_S7_St20forward_iterator_tag
                0x0000000008001488      0x114 Core/Src/icm42605.o
                0x0000000008001488                void std::vector<std::vector<float, std::allocator<float> >, std::allocator<std::vector<float, std::allocator<float> > > >::_M_assign_aux<std::vector<float, std::allocator<float> > const*>(std::vector<float, std::allocator<float> > const*, std::vector<float, std::allocator<float> > const*, std::forward_iterator_tag)
 .text._ZN8ICM426057ReadAccEv
                0x000000000800159c      0x120 Core/Src/icm42605.o
                0x000000000800159c                ICM42605::ReadAcc()
 .text._ZN8ICM426058ReadGyroEv
                0x00000000080016bc       0xfc Core/Src/icm42605.o
                0x00000000080016bc                ICM42605::ReadGyro()
 .text._ZN8ICM4260513GyroCalibrateEv
                0x00000000080017b8       0x74 Core/Src/icm42605.o
                0x00000000080017b8                ICM42605::GyroCalibrate()
 .text._ZN7kf_mathC2Ev
                0x000000000800182c       0x12 Core/Src/kalman.o
                0x000000000800182c                kf_math::kf_math()
                0x000000000800182c                kf_math::kf_math()
 .text._ZN7kf_mathD2Ev
                0x000000000800183e        0x2 Core/Src/kalman.o
                0x000000000800183e                kf_math::~kf_math()
                0x000000000800183e                kf_math::~kf_math()
 .text._ZN7kf_math8varianceEfi
                0x0000000008001840       0x66 Core/Src/kalman.o
                0x0000000008001840                kf_math::variance(float, int)
 .text._ZN6KalmanD2Ev
                0x00000000080018a6       0x64 Core/Src/kalman.o
                0x00000000080018a6                Kalman::~Kalman()
                0x00000000080018a6                Kalman::~Kalman()
 .text._ZNSt6vectorIS_IfSaIfEESaIS1_EE14_M_move_assignEOS3_St17integral_constantIbLb1EE.isra.0
                0x000000000800190a       0x2e Core/Src/kalman.o
 .text._ZNSt6vectorIS_IfSaIfEESaIS1_EEC2ERKS3_
                0x0000000008001938       0x7c Core/Src/kalman.o
                0x0000000008001938                std::vector<std::vector<float, std::allocator<float> >, std::allocator<std::vector<float, std::allocator<float> > > >::vector(std::vector<std::vector<float, std::allocator<float> >, std::allocator<std::vector<float, std::allocator<float> > > > const&)
                0x0000000008001938                std::vector<std::vector<float, std::allocator<float> >, std::allocator<std::vector<float, std::allocator<float> > > >::vector(std::vector<std::vector<float, std::allocator<float> >, std::allocator<std::vector<float, std::allocator<float> > > > const&)
 .text._ZN6Kalman10PredictionESt6vectorIS0_IfSaIfEESaIS2_EE
                0x00000000080019b4      0x108 Core/Src/kalman.o
                0x00000000080019b4                Kalman::Prediction(std::vector<std::vector<float, std::allocator<float> >, std::allocator<std::vector<float, std::allocator<float> > > >)
 .text._ZN6Kalman10KalmanGainESt6vectorIS0_IfSaIfEESaIS2_EE
                0x0000000008001abc      0x10a Core/Src/kalman.o
                0x0000000008001abc                Kalman::KalmanGain(std::vector<std::vector<float, std::allocator<float> >, std::allocator<std::vector<float, std::allocator<float> > > >)
 .text._ZN6Kalman6UpdateESt6vectorIS0_IfSaIfEESaIS2_EE
                0x0000000008001bc6       0xfc Core/Src/kalman.o
                0x0000000008001bc6                Kalman::Update(std::vector<std::vector<float, std::allocator<float> >, std::allocator<std::vector<float, std::allocator<float> > > >)
 *fill*         0x0000000008001cc2        0x2 
 .text._ZNSt6vectorIS_IfSaIfEESaIS1_EEaSERKS3_
                0x0000000008001cc4      0x100 Core/Src/kalman.o
                0x0000000008001cc4                std::vector<std::vector<float, std::allocator<float> >, std::allocator<std::vector<float, std::allocator<float> > > >::operator=(std::vector<std::vector<float, std::allocator<float> >, std::allocator<std::vector<float, std::allocator<float> > > > const&)
 .text._ZN6KalmanC2ESt6vectorIS0_IfSaIfEESaIS2_EES4_S4_S4_S4_S4_S4_
                0x0000000008001dc4       0x98 Core/Src/kalman.o
                0x0000000008001dc4                Kalman::Kalman(std::vector<std::vector<float, std::allocator<float> >, std::allocator<std::vector<float, std::allocator<float> > > >, std::vector<std::vector<float, std::allocator<float> >, std::allocator<std::vector<float, std::allocator<float> > > >, std::vector<std::vector<float, std::allocator<float> >, std::allocator<std::vector<float, std::allocator<float> > > >, std::vector<std::vector<float, std::allocator<float> >, std::allocator<std::vector<float, std::allocator<float> > > >, std::vector<std::vector<float, std::allocator<float> >, std::allocator<std::vector<float, std::allocator<float> > > >, std::vector<std::vector<float, std::allocator<float> >, std::allocator<std::vector<float, std::allocator<float> > > >, std::vector<std::vector<float, std::allocator<float> >, std::allocator<std::vector<float, std::allocator<float> > > >)
                0x0000000008001dc4                Kalman::Kalman(std::vector<std::vector<float, std::allocator<float> >, std::allocator<std::vector<float, std::allocator<float> > > >, std::vector<std::vector<float, std::allocator<float> >, std::allocator<std::vector<float, std::allocator<float> > > >, std::vector<std::vector<float, std::allocator<float> >, std::allocator<std::vector<float, std::allocator<float> > > >, std::vector<std::vector<float, std::allocator<float> >, std::allocator<std::vector<float, std::allocator<float> > > >, std::vector<std::vector<float, std::allocator<float> >, std::allocator<std::vector<float, std::allocator<float> > > >, std::vector<std::vector<float, std::allocator<float> >, std::allocator<std::vector<float, std::allocator<float> > > >, std::vector<std::vector<float, std::allocator<float> >, std::allocator<std::vector<float, std::allocator<float> > > >)
 .text._ZN9__gnu_cxx13new_allocatorIfE8allocateEjPKv.isra.0
                0x0000000008001e5c       0x16 Core/Src/main.o
 *fill*         0x0000000008001e72        0x2 
 .text._ZN9__gnu_cxx13new_allocatorISt6vectorIfSaIfEEE8allocateEjPKv.isra.0
                0x0000000008001e74       0x1c Core/Src/main.o
 .text._ZN5cop_tC2Ev
                0x0000000008001e90       0x2c Core/Src/main.o
                0x0000000008001e90                cop_t::cop_t()
                0x0000000008001e90                cop_t::cop_t()
 .text.SystemClock_Config
                0x0000000008001ebc       0x94 Core/Src/main.o
                0x0000000008001ebc                SystemClock_Config
 .text._Z26front_panel_decoder_enablev
                0x0000000008001f50       0x1e Core/Src/main.o
                0x0000000008001f50                front_panel_decoder_enable()
 .text._Z25back_panel_decoder_enablev
                0x0000000008001f6e       0x1e Core/Src/main.o
                0x0000000008001f6e                back_panel_decoder_enable()
 .text.startup.main
                0x0000000008001f8c      0x354 Core/Src/main.o
                0x0000000008001f8c                main
 .text._Z8delay_ust
                0x00000000080022e0       0x14 Core/Src/main.o
                0x00000000080022e0                delay_us(unsigned short)
 .text._ZN5cop_t18centre_of_pressureEPfS0_
                0x00000000080022f4       0x4a Core/Src/main.o
                0x00000000080022f4                cop_t::centre_of_pressure(float*, float*)
 .text.Error_Handler
                0x000000000800233e        0x4 Core/Src/main.o
                0x000000000800233e                Error_Handler
 .text._ZNSt12_Vector_baseIfSaIfEED2Ev
                0x0000000008002342       0x10 Core/Src/main.o
                0x0000000008002342                std::_Vector_base<float, std::allocator<float> >::~_Vector_base()
                0x0000000008002342                std::_Vector_base<float, std::allocator<float> >::~_Vector_base()
 .text._ZNSt12_Vector_baseIfSaIfEE17_M_create_storageEj
                0x0000000008002352       0x1a Core/Src/main.o
                0x0000000008002352                std::_Vector_base<float, std::allocator<float> >::_M_create_storage(unsigned int)
 .text._ZNSt12_Vector_baseISt6vectorIfSaIfEESaIS2_EE17_M_create_storageEj
                0x000000000800236c       0x1c Core/Src/main.o
                0x000000000800236c                std::_Vector_base<std::vector<float, std::allocator<float> >, std::allocator<std::vector<float, std::allocator<float> > > >::_M_create_storage(unsigned int)
 .text._ZNSt6vectorIfSaIfEEC2ESt16initializer_listIfERKS0_.constprop.0
                0x0000000008002388       0x54 Core/Src/main.o
 .text._ZNSt6vectorIS_IfSaIfEESaIS1_EEC2ESt16initializer_listIS1_ERKS2_
                0x00000000080023dc       0x88 Core/Src/main.o
                0x00000000080023dc                std::vector<std::vector<float, std::allocator<float> >, std::allocator<std::vector<float, std::allocator<float> > > >::vector(std::initializer_list<std::vector<float, std::allocator<float> > >, std::allocator<std::vector<float, std::allocator<float> > > const&)
                0x00000000080023dc                std::vector<std::vector<float, std::allocator<float> >, std::allocator<std::vector<float, std::allocator<float> > > >::vector(std::initializer_list<std::vector<float, std::allocator<float> > >, std::allocator<std::vector<float, std::allocator<float> > > const&)
 .text._Z41__static_initialization_and_destruction_0ii.constprop.0
                0x0000000008002464      0x4a8 Core/Src/main.o
 .text.HAL_TIM_PeriodElapsedCallback
                0x000000000800290c      0x3f4 Core/Src/main.o
                0x000000000800290c                HAL_TIM_PeriodElapsedCallback
 .text.startup._GLOBAL__sub_I_hi2c1
                0x0000000008002d00        0x6 Core/Src/main.o
 .text.exit._GLOBAL__sub_D_hi2c1
                0x0000000008002d06        0x6 Core/Src/main.o
 .text._ZNSt6vectorIfSaIfEEC2EjRKfRKS0_
                0x0000000008002d0c       0x44 Core/Src/matrix_math.o
                0x0000000008002d0c                std::vector<float, std::allocator<float> >::vector(unsigned int, float const&, std::allocator<float> const&)
                0x0000000008002d0c                std::vector<float, std::allocator<float> >::vector(unsigned int, float const&, std::allocator<float> const&)
 .text._ZNSt6vectorIS_IfSaIfEESaIS1_EEC2EjRKS1_RKS2_
                0x0000000008002d50       0xa4 Core/Src/matrix_math.o
                0x0000000008002d50                std::vector<std::vector<float, std::allocator<float> >, std::allocator<std::vector<float, std::allocator<float> > > >::vector(unsigned int, std::vector<float, std::allocator<float> > const&, std::allocator<std::vector<float, std::allocator<float> > > const&)
                0x0000000008002d50                std::vector<std::vector<float, std::allocator<float> >, std::allocator<std::vector<float, std::allocator<float> > > >::vector(unsigned int, std::vector<float, std::allocator<float> > const&, std::allocator<std::vector<float, std::allocator<float> > > const&)
 .text._ZplSt6vectorIS_IfSaIfEESaIS1_EES3_
                0x0000000008002df4       0x7c Core/Src/matrix_math.o
                0x0000000008002df4                operator+(std::vector<std::vector<float, std::allocator<float> >, std::allocator<std::vector<float, std::allocator<float> > > >, std::vector<std::vector<float, std::allocator<float> >, std::allocator<std::vector<float, std::allocator<float> > > >)
 .text._ZmiSt6vectorIS_IfSaIfEESaIS1_EES3_
                0x0000000008002e70       0x7c Core/Src/matrix_math.o
                0x0000000008002e70                operator-(std::vector<std::vector<float, std::allocator<float> >, std::allocator<std::vector<float, std::allocator<float> > > >, std::vector<std::vector<float, std::allocator<float> >, std::allocator<std::vector<float, std::allocator<float> > > >)
 .text._ZmlSt6vectorIS_IfSaIfEESaIS1_EES3_
                0x0000000008002eec       0xac Core/Src/matrix_math.o
                0x0000000008002eec                operator*(std::vector<std::vector<float, std::allocator<float> >, std::allocator<std::vector<float, std::allocator<float> > > >, std::vector<std::vector<float, std::allocator<float> >, std::allocator<std::vector<float, std::allocator<float> > > >)
 .text._Z7inverseSt6vectorIS_IfSaIfEESaIS1_EE
                0x0000000008002f98       0x8c Core/Src/matrix_math.o
                0x0000000008002f98                inverse(std::vector<std::vector<float, std::allocator<float> >, std::allocator<std::vector<float, std::allocator<float> > > >)
 .text._Z9transposeSt6vectorIS_IfSaIfEESaIS1_EE
                0x0000000008003024       0x70 Core/Src/matrix_math.o
                0x0000000008003024                transpose(std::vector<std::vector<float, std::allocator<float> >, std::allocator<std::vector<float, std::allocator<float> > > >)
 .text.HAL_MspInit
                0x0000000008003094       0x34 Core/Src/stm32g4xx_hal_msp.o
                0x0000000008003094                HAL_MspInit
 .text.HAL_I2C_MspInit
                0x00000000080030c8       0x6c Core/Src/stm32g4xx_hal_msp.o
                0x00000000080030c8                HAL_I2C_MspInit
 .text.HAL_SPI_MspInit
                0x0000000008003134      0x1b0 Core/Src/stm32g4xx_hal_msp.o
                0x0000000008003134                HAL_SPI_MspInit
 .text.HAL_TIM_Base_MspInit
                0x00000000080032e4       0x8c Core/Src/stm32g4xx_hal_msp.o
                0x00000000080032e4                HAL_TIM_Base_MspInit
 .text.NMI_Handler
                0x0000000008003370        0x2 Core/Src/stm32g4xx_it.o
                0x0000000008003370                NMI_Handler
 .text.HardFault_Handler
                0x0000000008003372        0x2 Core/Src/stm32g4xx_it.o
                0x0000000008003372                HardFault_Handler
 .text.MemManage_Handler
                0x0000000008003374        0x2 Core/Src/stm32g4xx_it.o
                0x0000000008003374                MemManage_Handler
 .text.BusFault_Handler
                0x0000000008003376        0x2 Core/Src/stm32g4xx_it.o
                0x0000000008003376                BusFault_Handler
 .text.UsageFault_Handler
                0x0000000008003378        0x2 Core/Src/stm32g4xx_it.o
                0x0000000008003378                UsageFault_Handler
 .text.SVC_Handler
                0x000000000800337a        0x2 Core/Src/stm32g4xx_it.o
                0x000000000800337a                SVC_Handler
 .text.DebugMon_Handler
                0x000000000800337c        0x2 Core/Src/stm32g4xx_it.o
                0x000000000800337c                DebugMon_Handler
 .text.PendSV_Handler
                0x000000000800337e        0x2 Core/Src/stm32g4xx_it.o
                0x000000000800337e                PendSV_Handler
 .text.SysTick_Handler
                0x0000000008003380        0x4 Core/Src/stm32g4xx_it.o
                0x0000000008003380                SysTick_Handler
 .text.DMA1_Channel1_IRQHandler
                0x0000000008003384        0xc Core/Src/stm32g4xx_it.o
                0x0000000008003384                DMA1_Channel1_IRQHandler
 .text.DMA1_Channel2_IRQHandler
                0x0000000008003390        0xc Core/Src/stm32g4xx_it.o
                0x0000000008003390                DMA1_Channel2_IRQHandler
 .text.DMA1_Channel3_IRQHandler
                0x000000000800339c        0xc Core/Src/stm32g4xx_it.o
                0x000000000800339c                DMA1_Channel3_IRQHandler
 .text.DMA1_Channel4_IRQHandler
                0x00000000080033a8        0xc Core/Src/stm32g4xx_it.o
                0x00000000080033a8                DMA1_Channel4_IRQHandler
 .text.USB_LP_IRQHandler
                0x00000000080033b4        0xc Core/Src/stm32g4xx_it.o
                0x00000000080033b4                USB_LP_IRQHandler
 .text.TIM1_TRG_COM_TIM17_IRQHandler
                0x00000000080033c0        0xc Core/Src/stm32g4xx_it.o
                0x00000000080033c0                TIM1_TRG_COM_TIM17_IRQHandler
 .text.TIM6_DAC_IRQHandler
                0x00000000080033cc        0xc Core/Src/stm32g4xx_it.o
                0x00000000080033cc                TIM6_DAC_IRQHandler
 .text._getpid  0x00000000080033d8        0x4 Core/Src/syscalls.o
                0x00000000080033d8                _getpid
 .text._kill    0x00000000080033dc       0x10 Core/Src/syscalls.o
                0x00000000080033dc                _kill
 .text._exit    0x00000000080033ec        0xc Core/Src/syscalls.o
                0x00000000080033ec                _exit
 .text._sbrk    0x00000000080033f8       0x40 Core/Src/sysmem.o
                0x00000000080033f8                _sbrk
 .text.SystemInit
                0x0000000008003438       0x14 Core/Src/system_stm32g4xx.o
                0x0000000008003438                SystemInit
 .text.Reset_Handler
                0x000000000800344c       0x50 Core/Startup/startup_stm32g473cetx.o
                0x000000000800344c                Reset_Handler
 .text.Default_Handler
                0x000000000800349c        0x2 Core/Startup/startup_stm32g473cetx.o
                0x000000000800349c                RTC_Alarm_IRQHandler
                0x000000000800349c                EXTI2_IRQHandler
                0x000000000800349c                TIM8_TRG_COM_IRQHandler
                0x000000000800349c                TIM8_CC_IRQHandler
                0x000000000800349c                SPI4_IRQHandler
                0x000000000800349c                FDCAN3_IT0_IRQHandler
                0x000000000800349c                TIM1_CC_IRQHandler
                0x000000000800349c                USB_HP_IRQHandler
                0x000000000800349c                CORDIC_IRQHandler
                0x000000000800349c                DMA2_Channel8_IRQHandler
                0x000000000800349c                EXTI3_IRQHandler
                0x000000000800349c                I2C3_ER_IRQHandler
                0x000000000800349c                EXTI0_IRQHandler
                0x000000000800349c                I2C2_EV_IRQHandler
                0x000000000800349c                FPU_IRQHandler
                0x000000000800349c                FDCAN1_IT1_IRQHandler
                0x000000000800349c                TIM1_UP_TIM16_IRQHandler
                0x000000000800349c                ADC1_2_IRQHandler
                0x000000000800349c                SPI1_IRQHandler
                0x000000000800349c                TIM8_UP_IRQHandler
                0x000000000800349c                DMA2_Channel2_IRQHandler
                0x000000000800349c                TIM20_TRG_COM_IRQHandler
                0x000000000800349c                USART3_IRQHandler
                0x000000000800349c                DMA1_Channel7_IRQHandler
                0x000000000800349c                UART5_IRQHandler
                0x000000000800349c                ADC3_IRQHandler
                0x000000000800349c                TIM4_IRQHandler
                0x000000000800349c                DMA2_Channel1_IRQHandler
                0x000000000800349c                QUADSPI_IRQHandler
                0x000000000800349c                I2C1_EV_IRQHandler
                0x000000000800349c                DMA1_Channel6_IRQHandler
                0x000000000800349c                UART4_IRQHandler
                0x000000000800349c                DMA2_Channel4_IRQHandler
                0x000000000800349c                TIM3_IRQHandler
                0x000000000800349c                RCC_IRQHandler
                0x000000000800349c                TIM20_UP_IRQHandler
                0x000000000800349c                Default_Handler
                0x000000000800349c                DMA2_Channel7_IRQHandler
                0x000000000800349c                RTC_TAMP_LSECSS_IRQHandler
                0x000000000800349c                FMAC_IRQHandler
                0x000000000800349c                EXTI15_10_IRQHandler
                0x000000000800349c                DMA1_Channel8_IRQHandler
                0x000000000800349c                TIM7_DAC_IRQHandler
                0x000000000800349c                FDCAN3_IT1_IRQHandler
                0x000000000800349c                TIM5_IRQHandler
                0x000000000800349c                UCPD1_IRQHandler
                0x000000000800349c                I2C3_EV_IRQHandler
                0x000000000800349c                EXTI9_5_IRQHandler
                0x000000000800349c                RTC_WKUP_IRQHandler
                0x000000000800349c                PVD_PVM_IRQHandler
                0x000000000800349c                SPI2_IRQHandler
                0x000000000800349c                ADC5_IRQHandler
                0x000000000800349c                DMA2_Channel5_IRQHandler
                0x000000000800349c                CRS_IRQHandler
                0x000000000800349c                DMA1_Channel5_IRQHandler
                0x000000000800349c                EXTI4_IRQHandler
                0x000000000800349c                RNG_IRQHandler
                0x000000000800349c                FDCAN2_IT1_IRQHandler
                0x000000000800349c                ADC4_IRQHandler
                0x000000000800349c                WWDG_IRQHandler
                0x000000000800349c                I2C4_EV_IRQHandler
                0x000000000800349c                FDCAN2_IT0_IRQHandler
                0x000000000800349c                LPUART1_IRQHandler
                0x000000000800349c                DMA2_Channel6_IRQHandler
                0x000000000800349c                FDCAN1_IT0_IRQHandler
                0x000000000800349c                TIM2_IRQHandler
                0x000000000800349c                COMP7_IRQHandler
                0x000000000800349c                COMP1_2_3_IRQHandler
                0x000000000800349c                EXTI1_IRQHandler
                0x000000000800349c                USART2_IRQHandler
                0x000000000800349c                COMP4_5_6_IRQHandler
                0x000000000800349c                TIM20_BRK_IRQHandler
                0x000000000800349c                I2C2_ER_IRQHandler
                0x000000000800349c                TIM8_BRK_IRQHandler
                0x000000000800349c                FLASH_IRQHandler
                0x000000000800349c                TIM20_CC_IRQHandler
                0x000000000800349c                USART1_IRQHandler
                0x000000000800349c                SPI3_IRQHandler
                0x000000000800349c                I2C1_ER_IRQHandler
                0x000000000800349c                FMC_IRQHandler
                0x000000000800349c                LPTIM1_IRQHandler
                0x000000000800349c                DMAMUX_OVR_IRQHandler
                0x000000000800349c                I2C4_ER_IRQHandler
                0x000000000800349c                USBWakeUp_IRQHandler
                0x000000000800349c                SAI1_IRQHandler
                0x000000000800349c                DMA2_Channel3_IRQHandler
                0x000000000800349c                TIM1_BRK_TIM15_IRQHandler
 *fill*         0x000000000800349e        0x2 
 .text.HAL_InitTick
                0x00000000080034a0       0x4c Drivers/STM32G4xx_HAL_Driver/Src/stm32g4xx_hal.o
                0x00000000080034a0                HAL_InitTick
 .text.HAL_Init
                0x00000000080034ec       0x1e Drivers/STM32G4xx_HAL_Driver/Src/stm32g4xx_hal.o
                0x00000000080034ec                HAL_Init
 *fill*         0x000000000800350a        0x2 
 .text.HAL_IncTick
                0x000000000800350c       0x18 Drivers/STM32G4xx_HAL_Driver/Src/stm32g4xx_hal.o
                0x000000000800350c                HAL_IncTick
 .text.HAL_GetTick
                0x0000000008003524        0xc Drivers/STM32G4xx_HAL_Driver/Src/stm32g4xx_hal.o
                0x0000000008003524                HAL_GetTick
 .text.HAL_Delay
                0x0000000008003530       0x28 Drivers/STM32G4xx_HAL_Driver/Src/stm32g4xx_hal.o
                0x0000000008003530                HAL_Delay
 .text.HAL_NVIC_SetPriorityGrouping
                0x0000000008003558       0x24 Drivers/STM32G4xx_HAL_Driver/Src/stm32g4xx_hal_cortex.o
                0x0000000008003558                HAL_NVIC_SetPriorityGrouping
 .text.HAL_NVIC_SetPriority
                0x000000000800357c       0x64 Drivers/STM32G4xx_HAL_Driver/Src/stm32g4xx_hal_cortex.o
                0x000000000800357c                HAL_NVIC_SetPriority
 .text.HAL_NVIC_EnableIRQ
                0x00000000080035e0       0x1c Drivers/STM32G4xx_HAL_Driver/Src/stm32g4xx_hal_cortex.o
                0x00000000080035e0                HAL_NVIC_EnableIRQ
 .text.HAL_SYSTICK_Config
                0x00000000080035fc       0x2c Drivers/STM32G4xx_HAL_Driver/Src/stm32g4xx_hal_cortex.o
                0x00000000080035fc                HAL_SYSTICK_Config
 .text.DMA_SetConfig
                0x0000000008003628       0x34 Drivers/STM32G4xx_HAL_Driver/Src/stm32g4xx_hal_dma.o
 .text.DMA_CalcDMAMUXChannelBaseAndMask
                0x000000000800365c       0x48 Drivers/STM32G4xx_HAL_Driver/Src/stm32g4xx_hal_dma.o
 .text.HAL_DMA_Init
                0x00000000080036a4       0xe0 Drivers/STM32G4xx_HAL_Driver/Src/stm32g4xx_hal_dma.o
                0x00000000080036a4                HAL_DMA_Init
 .text.HAL_DMA_Start_IT
                0x0000000008003784       0x84 Drivers/STM32G4xx_HAL_Driver/Src/stm32g4xx_hal_dma.o
                0x0000000008003784                HAL_DMA_Start_IT
 .text.HAL_DMA_IRQHandler
                0x0000000008003808       0x94 Drivers/STM32G4xx_HAL_Driver/Src/stm32g4xx_hal_dma.o
                0x0000000008003808                HAL_DMA_IRQHandler
 .text.HAL_GPIO_Init
                0x000000000800389c      0x198 Drivers/STM32G4xx_HAL_Driver/Src/stm32g4xx_hal_gpio.o
                0x000000000800389c                HAL_GPIO_Init
 .text.HAL_GPIO_WritePin
                0x0000000008003a34        0xa Drivers/STM32G4xx_HAL_Driver/Src/stm32g4xx_hal_gpio.o
                0x0000000008003a34                HAL_GPIO_WritePin
 .text.I2C_Flush_TXDR
                0x0000000008003a3e       0x1c Drivers/STM32G4xx_HAL_Driver/Src/stm32g4xx_hal_i2c.o
 *fill*         0x0000000008003a5a        0x2 
 .text.I2C_TransferConfig
                0x0000000008003a5c       0x28 Drivers/STM32G4xx_HAL_Driver/Src/stm32g4xx_hal_i2c.o
 .text.I2C_IsAcknowledgeFailed
                0x0000000008003a84       0x7a Drivers/STM32G4xx_HAL_Driver/Src/stm32g4xx_hal_i2c.o
 .text.I2C_WaitOnSTOPFlagUntilTimeout
                0x0000000008003afe       0x4a Drivers/STM32G4xx_HAL_Driver/Src/stm32g4xx_hal_i2c.o
 .text.I2C_WaitOnFlagUntilTimeout
                0x0000000008003b48       0x54 Drivers/STM32G4xx_HAL_Driver/Src/stm32g4xx_hal_i2c.o
 .text.I2C_WaitOnTXISFlagUntilTimeout
                0x0000000008003b9c       0x4e Drivers/STM32G4xx_HAL_Driver/Src/stm32g4xx_hal_i2c.o
 *fill*         0x0000000008003bea        0x2 
 .text.I2C_RequestMemoryWrite
                0x0000000008003bec       0x6c Drivers/STM32G4xx_HAL_Driver/Src/stm32g4xx_hal_i2c.o
 .text.I2C_RequestMemoryRead
                0x0000000008003c58       0x6c Drivers/STM32G4xx_HAL_Driver/Src/stm32g4xx_hal_i2c.o
 .text.HAL_I2C_Init
                0x0000000008003cc4       0xa2 Drivers/STM32G4xx_HAL_Driver/Src/stm32g4xx_hal_i2c.o
                0x0000000008003cc4                HAL_I2C_Init
 .text.HAL_I2C_Mem_Write
                0x0000000008003d66      0x16c Drivers/STM32G4xx_HAL_Driver/Src/stm32g4xx_hal_i2c.o
                0x0000000008003d66                HAL_I2C_Mem_Write
 *fill*         0x0000000008003ed2        0x2 
 .text.HAL_I2C_Mem_Read
                0x0000000008003ed4      0x178 Drivers/STM32G4xx_HAL_Driver/Src/stm32g4xx_hal_i2c.o
                0x0000000008003ed4                HAL_I2C_Mem_Read
 .text.HAL_I2CEx_ConfigAnalogFilter
                0x000000000800404c       0x4c Drivers/STM32G4xx_HAL_Driver/Src/stm32g4xx_hal_i2c_ex.o
                0x000000000800404c                HAL_I2CEx_ConfigAnalogFilter
 .text.HAL_I2CEx_ConfigDigitalFilter
                0x0000000008004098       0x4a Drivers/STM32G4xx_HAL_Driver/Src/stm32g4xx_hal_i2c_ex.o
                0x0000000008004098                HAL_I2CEx_ConfigDigitalFilter
 .text.HAL_PCD_Init
                0x00000000080040e2       0xbc Drivers/STM32G4xx_HAL_Driver/Src/stm32g4xx_hal_pcd.o
                0x00000000080040e2                HAL_PCD_Init
 .text.HAL_PCD_Start
                0x000000000800419e       0x2a Drivers/STM32G4xx_HAL_Driver/Src/stm32g4xx_hal_pcd.o
                0x000000000800419e                HAL_PCD_Start
 .text.HAL_PCD_SetAddress
                0x00000000080041c8       0x28 Drivers/STM32G4xx_HAL_Driver/Src/stm32g4xx_hal_pcd.o
                0x00000000080041c8                HAL_PCD_SetAddress
 .text.HAL_PCD_IRQHandler
                0x00000000080041f0      0x9bc Drivers/STM32G4xx_HAL_Driver/Src/stm32g4xx_hal_pcd.o
                0x00000000080041f0                HAL_PCD_IRQHandler
 .text.HAL_PCD_EP_Open
                0x0000000008004bac       0x64 Drivers/STM32G4xx_HAL_Driver/Src/stm32g4xx_hal_pcd.o
                0x0000000008004bac                HAL_PCD_EP_Open
 .text.HAL_PCD_EP_Close
                0x0000000008004c10       0x52 Drivers/STM32G4xx_HAL_Driver/Src/stm32g4xx_hal_pcd.o
                0x0000000008004c10                HAL_PCD_EP_Close
 .text.HAL_PCD_EP_Receive
                0x0000000008004c62       0x2c Drivers/STM32G4xx_HAL_Driver/Src/stm32g4xx_hal_pcd.o
                0x0000000008004c62                HAL_PCD_EP_Receive
 .text.HAL_PCD_EP_GetRxCount
                0x0000000008004c8e       0x10 Drivers/STM32G4xx_HAL_Driver/Src/stm32g4xx_hal_pcd.o
                0x0000000008004c8e                HAL_PCD_EP_GetRxCount
 .text.HAL_PCD_EP_Transmit
                0x0000000008004c9e       0x3c Drivers/STM32G4xx_HAL_Driver/Src/stm32g4xx_hal_pcd.o
                0x0000000008004c9e                HAL_PCD_EP_Transmit
 .text.HAL_PCD_EP_SetStall
                0x0000000008004cda       0x60 Drivers/STM32G4xx_HAL_Driver/Src/stm32g4xx_hal_pcd.o
                0x0000000008004cda                HAL_PCD_EP_SetStall
 .text.HAL_PCD_EP_ClrStall
                0x0000000008004d3a       0x64 Drivers/STM32G4xx_HAL_Driver/Src/stm32g4xx_hal_pcd.o
                0x0000000008004d3a                HAL_PCD_EP_ClrStall
 .text.HAL_PCDEx_PMAConfig
                0x0000000008004d9e       0x34 Drivers/STM32G4xx_HAL_Driver/Src/stm32g4xx_hal_pcd_ex.o
                0x0000000008004d9e                HAL_PCDEx_PMAConfig
 .text.HAL_PCDEx_ActivateLPM
                0x0000000008004dd2       0x2e Drivers/STM32G4xx_HAL_Driver/Src/stm32g4xx_hal_pcd_ex.o
                0x0000000008004dd2                HAL_PCDEx_ActivateLPM
 .text.HAL_PWREx_ControlVoltageScaling
                0x0000000008004e00       0xb8 Drivers/STM32G4xx_HAL_Driver/Src/stm32g4xx_hal_pwr_ex.o
                0x0000000008004e00                HAL_PWREx_ControlVoltageScaling
 .text.HAL_PWREx_DisableUCPDDeadBattery
                0x0000000008004eb8       0x10 Drivers/STM32G4xx_HAL_Driver/Src/stm32g4xx_hal_pwr_ex.o
                0x0000000008004eb8                HAL_PWREx_DisableUCPDDeadBattery
 .text.HAL_RCC_OscConfig
                0x0000000008004ec8      0x420 Drivers/STM32G4xx_HAL_Driver/Src/stm32g4xx_hal_rcc.o
                0x0000000008004ec8                HAL_RCC_OscConfig
 .text.HAL_RCC_GetSysClockFreq
                0x00000000080052e8       0x70 Drivers/STM32G4xx_HAL_Driver/Src/stm32g4xx_hal_rcc.o
                0x00000000080052e8                HAL_RCC_GetSysClockFreq
 .text.HAL_RCC_ClockConfig
                0x0000000008005358      0x1e8 Drivers/STM32G4xx_HAL_Driver/Src/stm32g4xx_hal_rcc.o
                0x0000000008005358                HAL_RCC_ClockConfig
 .text.HAL_RCCEx_PeriphCLKConfig
                0x0000000008005540      0x2f0 Drivers/STM32G4xx_HAL_Driver/Src/stm32g4xx_hal_rcc_ex.o
                0x0000000008005540                HAL_RCCEx_PeriphCLKConfig
 .text.SPI_WaitFlagStateUntilTimeout.constprop.0
                0x0000000008005830       0xa4 Drivers/STM32G4xx_HAL_Driver/Src/stm32g4xx_hal_spi.o
 .text.SPI_WaitFifoStateUntilTimeout.constprop.0
                0x00000000080058d4       0xbc Drivers/STM32G4xx_HAL_Driver/Src/stm32g4xx_hal_spi.o
 .text.SPI_EndRxTransaction
                0x0000000008005990       0x72 Drivers/STM32G4xx_HAL_Driver/Src/stm32g4xx_hal_spi.o
 .text.SPI_EndRxTxTransaction
                0x0000000008005a02       0x4a Drivers/STM32G4xx_HAL_Driver/Src/stm32g4xx_hal_spi.o
 .text.HAL_SPI_Init
                0x0000000008005a4c       0xdc Drivers/STM32G4xx_HAL_Driver/Src/stm32g4xx_hal_spi.o
                0x0000000008005a4c                HAL_SPI_Init
 .text.HAL_SPI_Transmit_DMA
                0x0000000008005b28      0x10c Drivers/STM32G4xx_HAL_Driver/Src/stm32g4xx_hal_spi.o
                0x0000000008005b28                HAL_SPI_Transmit_DMA
 .text.HAL_SPI_TransmitReceive_DMA
                0x0000000008005c34      0x1b4 Drivers/STM32G4xx_HAL_Driver/Src/stm32g4xx_hal_spi.o
                0x0000000008005c34                HAL_SPI_TransmitReceive_DMA
 .text.HAL_SPI_Receive_DMA
                0x0000000008005de8      0x154 Drivers/STM32G4xx_HAL_Driver/Src/stm32g4xx_hal_spi.o
                0x0000000008005de8                HAL_SPI_Receive_DMA
 .text.HAL_SPI_TxCpltCallback
                0x0000000008005f3c        0x2 Drivers/STM32G4xx_HAL_Driver/Src/stm32g4xx_hal_spi.o
                0x0000000008005f3c                HAL_SPI_TxCpltCallback
 .text.HAL_SPI_RxCpltCallback
                0x0000000008005f3e        0x2 Drivers/STM32G4xx_HAL_Driver/Src/stm32g4xx_hal_spi.o
                0x0000000008005f3e                HAL_SPI_RxCpltCallback
 .text.HAL_SPI_TxRxCpltCallback
                0x0000000008005f40        0x2 Drivers/STM32G4xx_HAL_Driver/Src/stm32g4xx_hal_spi.o
                0x0000000008005f40                HAL_SPI_TxRxCpltCallback
 .text.HAL_SPI_TxHalfCpltCallback
                0x0000000008005f42        0x2 Drivers/STM32G4xx_HAL_Driver/Src/stm32g4xx_hal_spi.o
                0x0000000008005f42                HAL_SPI_TxHalfCpltCallback
 .text.SPI_DMAHalfTransmitCplt
                0x0000000008005f44        0xa Drivers/STM32G4xx_HAL_Driver/Src/stm32g4xx_hal_spi.o
 .text.HAL_SPI_RxHalfCpltCallback
                0x0000000008005f4e        0x2 Drivers/STM32G4xx_HAL_Driver/Src/stm32g4xx_hal_spi.o
                0x0000000008005f4e                HAL_SPI_RxHalfCpltCallback
 .text.SPI_DMAHalfReceiveCplt
                0x0000000008005f50        0xa Drivers/STM32G4xx_HAL_Driver/Src/stm32g4xx_hal_spi.o
 .text.HAL_SPI_TxRxHalfCpltCallback
                0x0000000008005f5a        0x2 Drivers/STM32G4xx_HAL_Driver/Src/stm32g4xx_hal_spi.o
                0x0000000008005f5a                HAL_SPI_TxRxHalfCpltCallback
 .text.SPI_DMAHalfTransmitReceiveCplt
                0x0000000008005f5c        0xa Drivers/STM32G4xx_HAL_Driver/Src/stm32g4xx_hal_spi.o
 .text.HAL_SPI_ErrorCallback
                0x0000000008005f66        0x2 Drivers/STM32G4xx_HAL_Driver/Src/stm32g4xx_hal_spi.o
                0x0000000008005f66                HAL_SPI_ErrorCallback
 .text.SPI_DMAError
                0x0000000008005f68       0x22 Drivers/STM32G4xx_HAL_Driver/Src/stm32g4xx_hal_spi.o
 .text.SPI_DMATransmitCplt
                0x0000000008005f8a       0x6a Drivers/STM32G4xx_HAL_Driver/Src/stm32g4xx_hal_spi.o
 .text.SPI_DMAReceiveCplt
                0x0000000008005ff4       0x68 Drivers/STM32G4xx_HAL_Driver/Src/stm32g4xx_hal_spi.o
 .text.SPI_DMATransmitReceiveCplt
                0x000000000800605c       0x5c Drivers/STM32G4xx_HAL_Driver/Src/stm32g4xx_hal_spi.o
 .text.HAL_TIM_Base_Start
                0x00000000080060b8       0x74 Drivers/STM32G4xx_HAL_Driver/Src/stm32g4xx_hal_tim.o
                0x00000000080060b8                HAL_TIM_Base_Start
 .text.HAL_TIM_Base_Start_IT
                0x000000000800612c       0x7c Drivers/STM32G4xx_HAL_Driver/Src/stm32g4xx_hal_tim.o
                0x000000000800612c                HAL_TIM_Base_Start_IT
 .text.HAL_TIM_Base_Stop_IT
                0x00000000080061a8       0x30 Drivers/STM32G4xx_HAL_Driver/Src/stm32g4xx_hal_tim.o
                0x00000000080061a8                HAL_TIM_Base_Stop_IT
 .text.HAL_TIM_OC_DelayElapsedCallback
                0x00000000080061d8        0x2 Drivers/STM32G4xx_HAL_Driver/Src/stm32g4xx_hal_tim.o
                0x00000000080061d8                HAL_TIM_OC_DelayElapsedCallback
 .text.HAL_TIM_IC_CaptureCallback
                0x00000000080061da        0x2 Drivers/STM32G4xx_HAL_Driver/Src/stm32g4xx_hal_tim.o
                0x00000000080061da                HAL_TIM_IC_CaptureCallback
 .text.HAL_TIM_PWM_PulseFinishedCallback
                0x00000000080061dc        0x2 Drivers/STM32G4xx_HAL_Driver/Src/stm32g4xx_hal_tim.o
                0x00000000080061dc                HAL_TIM_PWM_PulseFinishedCallback
 .text.HAL_TIM_TriggerCallback
                0x00000000080061de        0x2 Drivers/STM32G4xx_HAL_Driver/Src/stm32g4xx_hal_tim.o
                0x00000000080061de                HAL_TIM_TriggerCallback
 .text.HAL_TIM_IRQHandler
                0x00000000080061e0      0x1ce Drivers/STM32G4xx_HAL_Driver/Src/stm32g4xx_hal_tim.o
                0x00000000080061e0                HAL_TIM_IRQHandler
 *fill*         0x00000000080063ae        0x2 
 .text.TIM_Base_SetConfig
                0x00000000080063b0       0xe4 Drivers/STM32G4xx_HAL_Driver/Src/stm32g4xx_hal_tim.o
                0x00000000080063b0                TIM_Base_SetConfig
 .text.HAL_TIM_Base_Init
                0x0000000008006494       0x60 Drivers/STM32G4xx_HAL_Driver/Src/stm32g4xx_hal_tim.o
                0x0000000008006494                HAL_TIM_Base_Init
 .text.HAL_TIMEx_MasterConfigSynchronization
                0x00000000080064f4       0xa0 Drivers/STM32G4xx_HAL_Driver/Src/stm32g4xx_hal_tim_ex.o
                0x00000000080064f4                HAL_TIMEx_MasterConfigSynchronization
 .text.HAL_TIMEx_CommutCallback
                0x0000000008006594        0x2 Drivers/STM32G4xx_HAL_Driver/Src/stm32g4xx_hal_tim_ex.o
                0x0000000008006594                HAL_TIMEx_CommutCallback
 .text.HAL_TIMEx_BreakCallback
                0x0000000008006596        0x2 Drivers/STM32G4xx_HAL_Driver/Src/stm32g4xx_hal_tim_ex.o
                0x0000000008006596                HAL_TIMEx_BreakCallback
 .text.HAL_TIMEx_Break2Callback
                0x0000000008006598        0x2 Drivers/STM32G4xx_HAL_Driver/Src/stm32g4xx_hal_tim_ex.o
                0x0000000008006598                HAL_TIMEx_Break2Callback
 .text.HAL_TIMEx_EncoderIndexCallback
                0x000000000800659a        0x2 Drivers/STM32G4xx_HAL_Driver/Src/stm32g4xx_hal_tim_ex.o
                0x000000000800659a                HAL_TIMEx_EncoderIndexCallback
 .text.HAL_TIMEx_DirectionChangeCallback
                0x000000000800659c        0x2 Drivers/STM32G4xx_HAL_Driver/Src/stm32g4xx_hal_tim_ex.o
                0x000000000800659c                HAL_TIMEx_DirectionChangeCallback
 .text.HAL_TIMEx_IndexErrorCallback
                0x000000000800659e        0x2 Drivers/STM32G4xx_HAL_Driver/Src/stm32g4xx_hal_tim_ex.o
                0x000000000800659e                HAL_TIMEx_IndexErrorCallback
 .text.HAL_TIMEx_TransitionErrorCallback
                0x00000000080065a0        0x2 Drivers/STM32G4xx_HAL_Driver/Src/stm32g4xx_hal_tim_ex.o
                0x00000000080065a0                HAL_TIMEx_TransitionErrorCallback
 .text.USB_EnableGlobalInt
                0x00000000080065a2       0x12 Drivers/STM32G4xx_HAL_Driver/Src/stm32g4xx_ll_usb.o
                0x00000000080065a2                USB_EnableGlobalInt
 .text.USB_DisableGlobalInt
                0x00000000080065b4       0x14 Drivers/STM32G4xx_HAL_Driver/Src/stm32g4xx_ll_usb.o
                0x00000000080065b4                USB_DisableGlobalInt
 .text.USB_DevInit
                0x00000000080065c8       0x28 Drivers/STM32G4xx_HAL_Driver/Src/stm32g4xx_ll_usb.o
                0x00000000080065c8                USB_DevInit
 .text.USB_ActivateEndpoint
                0x00000000080065f0      0x2b8 Drivers/STM32G4xx_HAL_Driver/Src/stm32g4xx_ll_usb.o
                0x00000000080065f0                USB_ActivateEndpoint
 .text.USB_DeactivateEndpoint
                0x00000000080068a8      0x1be Drivers/STM32G4xx_HAL_Driver/Src/stm32g4xx_ll_usb.o
                0x00000000080068a8                USB_DeactivateEndpoint
 .text.USB_EPSetStall
                0x0000000008006a66       0x40 Drivers/STM32G4xx_HAL_Driver/Src/stm32g4xx_ll_usb.o
                0x0000000008006a66                USB_EPSetStall
 .text.USB_EPClearStall
                0x0000000008006aa6       0x96 Drivers/STM32G4xx_HAL_Driver/Src/stm32g4xx_ll_usb.o
                0x0000000008006aa6                USB_EPClearStall
 .text.USB_SetDevAddress
                0x0000000008006b3c        0xc Drivers/STM32G4xx_HAL_Driver/Src/stm32g4xx_ll_usb.o
                0x0000000008006b3c                USB_SetDevAddress
 .text.USB_DevConnect
                0x0000000008006b48       0x16 Drivers/STM32G4xx_HAL_Driver/Src/stm32g4xx_ll_usb.o
                0x0000000008006b48                USB_DevConnect
 .text.USB_ReadInterrupts
                0x0000000008006b5e        0x8 Drivers/STM32G4xx_HAL_Driver/Src/stm32g4xx_ll_usb.o
                0x0000000008006b5e                USB_ReadInterrupts
 .text.USB_WritePMA
                0x0000000008006b66       0x1e Drivers/STM32G4xx_HAL_Driver/Src/stm32g4xx_ll_usb.o
                0x0000000008006b66                USB_WritePMA
 .text.USB_EPStartXfer
                0x0000000008006b84      0x740 Drivers/STM32G4xx_HAL_Driver/Src/stm32g4xx_ll_usb.o
                0x0000000008006b84                USB_EPStartXfer
 .text.USB_ReadPMA
                0x00000000080072c4       0x36 Drivers/STM32G4xx_HAL_Driver/Src/stm32g4xx_ll_usb.o
                0x00000000080072c4                USB_ReadPMA
 .text.USBD_CDC_EP0_RxReady
                0x00000000080072fa       0x2e Middlewares/ST/STM32_USB_Device_Library/Class/CDC/Src/usbd_cdc.o
 .text.USBD_CDC_GetFSCfgDesc
                0x0000000008007328        0xc Middlewares/ST/STM32_USB_Device_Library/Class/CDC/Src/usbd_cdc.o
 .text.USBD_CDC_GetHSCfgDesc
                0x0000000008007334        0xc Middlewares/ST/STM32_USB_Device_Library/Class/CDC/Src/usbd_cdc.o
 .text.USBD_CDC_GetOtherSpeedCfgDesc
                0x0000000008007340        0xc Middlewares/ST/STM32_USB_Device_Library/Class/CDC/Src/usbd_cdc.o
 .text.USBD_CDC_GetDeviceQualifierDescriptor
                0x000000000800734c        0xc Middlewares/ST/STM32_USB_Device_Library/Class/CDC/Src/usbd_cdc.o
                0x000000000800734c                USBD_CDC_GetDeviceQualifierDescriptor
 .text.USBD_CDC_DataOut
                0x0000000008007358       0x2a Middlewares/ST/STM32_USB_Device_Library/Class/CDC/Src/usbd_cdc.o
 .text.USBD_CDC_DataIn
                0x0000000008007382       0x60 Middlewares/ST/STM32_USB_Device_Library/Class/CDC/Src/usbd_cdc.o
 *fill*         0x00000000080073e2        0x2 
 .text.USBD_CDC_Setup
                0x00000000080073e4       0xf8 Middlewares/ST/STM32_USB_Device_Library/Class/CDC/Src/usbd_cdc.o
 .text.USBD_CDC_DeInit
                0x00000000080074dc       0x42 Middlewares/ST/STM32_USB_Device_Library/Class/CDC/Src/usbd_cdc.o
 .text.USBD_CDC_Init
                0x000000000800751e       0xa6 Middlewares/ST/STM32_USB_Device_Library/Class/CDC/Src/usbd_cdc.o
 .text.USBD_CDC_RegisterInterface
                0x00000000080075c4        0xe Middlewares/ST/STM32_USB_Device_Library/Class/CDC/Src/usbd_cdc.o
                0x00000000080075c4                USBD_CDC_RegisterInterface
 .text.USBD_CDC_SetTxBuffer
                0x00000000080075d2       0x16 Middlewares/ST/STM32_USB_Device_Library/Class/CDC/Src/usbd_cdc.o
                0x00000000080075d2                USBD_CDC_SetTxBuffer
 .text.USBD_CDC_SetRxBuffer
                0x00000000080075e8       0x12 Middlewares/ST/STM32_USB_Device_Library/Class/CDC/Src/usbd_cdc.o
                0x00000000080075e8                USBD_CDC_SetRxBuffer
 .text.USBD_CDC_TransmitPacket
                0x00000000080075fa       0x30 Middlewares/ST/STM32_USB_Device_Library/Class/CDC/Src/usbd_cdc.o
                0x00000000080075fa                USBD_CDC_TransmitPacket
 .text.USBD_CDC_ReceivePacket
                0x000000000800762a       0x2e Middlewares/ST/STM32_USB_Device_Library/Class/CDC/Src/usbd_cdc.o
                0x000000000800762a                USBD_CDC_ReceivePacket
 .text.USBD_Init
                0x0000000008007658       0x26 Middlewares/ST/STM32_USB_Device_Library/Core/Src/usbd_core.o
                0x0000000008007658                USBD_Init
 .text.USBD_RegisterClass
                0x000000000800767e       0x2c Middlewares/ST/STM32_USB_Device_Library/Core/Src/usbd_core.o
                0x000000000800767e                USBD_RegisterClass
 .text.USBD_Start
                0x00000000080076aa        0x4 Middlewares/ST/STM32_USB_Device_Library/Core/Src/usbd_core.o
                0x00000000080076aa                USBD_Start
 .text.USBD_SetClassConfig
                0x00000000080076ae        0xe Middlewares/ST/STM32_USB_Device_Library/Core/Src/usbd_core.o
                0x00000000080076ae                USBD_SetClassConfig
 .text.USBD_ClrClassConfig
                0x00000000080076bc       0x10 Middlewares/ST/STM32_USB_Device_Library/Core/Src/usbd_core.o
                0x00000000080076bc                USBD_ClrClassConfig
 .text.USBD_LL_SetupStage
                0x00000000080076cc       0x60 Middlewares/ST/STM32_USB_Device_Library/Core/Src/usbd_core.o
                0x00000000080076cc                USBD_LL_SetupStage
 .text.USBD_LL_DataOutStage
                0x000000000800772c       0x60 Middlewares/ST/STM32_USB_Device_Library/Core/Src/usbd_core.o
                0x000000000800772c                USBD_LL_DataOutStage
 .text.USBD_LL_DataInStage
                0x000000000800778c       0xa4 Middlewares/ST/STM32_USB_Device_Library/Core/Src/usbd_core.o
                0x000000000800778c                USBD_LL_DataInStage
 .text.USBD_LL_Reset
                0x0000000008007830       0x58 Middlewares/ST/STM32_USB_Device_Library/Core/Src/usbd_core.o
                0x0000000008007830                USBD_LL_Reset
 .text.USBD_LL_SetSpeed
                0x0000000008007888        0x6 Middlewares/ST/STM32_USB_Device_Library/Core/Src/usbd_core.o
                0x0000000008007888                USBD_LL_SetSpeed
 .text.USBD_LL_Suspend
                0x000000000800788e       0x14 Middlewares/ST/STM32_USB_Device_Library/Core/Src/usbd_core.o
                0x000000000800788e                USBD_LL_Suspend
 .text.USBD_LL_Resume
                0x00000000080078a2       0x16 Middlewares/ST/STM32_USB_Device_Library/Core/Src/usbd_core.o
                0x00000000080078a2                USBD_LL_Resume
 .text.USBD_LL_SOF
                0x00000000080078b8       0x22 Middlewares/ST/STM32_USB_Device_Library/Core/Src/usbd_core.o
                0x00000000080078b8                USBD_LL_SOF
 .text.USBD_CtlError.constprop.0
                0x00000000080078da       0x16 Middlewares/ST/STM32_USB_Device_Library/Core/Src/usbd_ctlreq.o
 .text.USBD_StdDevReq
                0x00000000080078f0      0x298 Middlewares/ST/STM32_USB_Device_Library/Core/Src/usbd_ctlreq.o
                0x00000000080078f0                USBD_StdDevReq
 .text.USBD_StdItfReq
                0x0000000008007b88       0x4c Middlewares/ST/STM32_USB_Device_Library/Core/Src/usbd_ctlreq.o
                0x0000000008007b88                USBD_StdItfReq
 .text.USBD_StdEPReq
                0x0000000008007bd4      0x11e Middlewares/ST/STM32_USB_Device_Library/Core/Src/usbd_ctlreq.o
                0x0000000008007bd4                USBD_StdEPReq
 .text.USBD_ParseSetupRequest
                0x0000000008007cf2       0x28 Middlewares/ST/STM32_USB_Device_Library/Core/Src/usbd_ctlreq.o
                0x0000000008007cf2                USBD_ParseSetupRequest
 .text.USBD_CtlError
                0x0000000008007d1a       0x16 Middlewares/ST/STM32_USB_Device_Library/Core/Src/usbd_ctlreq.o
                0x0000000008007d1a                USBD_CtlError
 .text.USBD_GetString
                0x0000000008007d30       0x38 Middlewares/ST/STM32_USB_Device_Library/Core/Src/usbd_ctlreq.o
                0x0000000008007d30                USBD_GetString
 .text.USBD_CtlSendData
                0x0000000008007d68       0x1a Middlewares/ST/STM32_USB_Device_Library/Core/Src/usbd_ioreq.o
                0x0000000008007d68                USBD_CtlSendData
 .text.USBD_CtlContinueSendData
                0x0000000008007d82       0x10 Middlewares/ST/STM32_USB_Device_Library/Core/Src/usbd_ioreq.o
                0x0000000008007d82                USBD_CtlContinueSendData
 .text.USBD_CtlPrepareRx
                0x0000000008007d92       0x1a Middlewares/ST/STM32_USB_Device_Library/Core/Src/usbd_ioreq.o
                0x0000000008007d92                USBD_CtlPrepareRx
 .text.USBD_CtlContinueRx
                0x0000000008007dac       0x10 Middlewares/ST/STM32_USB_Device_Library/Core/Src/usbd_ioreq.o
                0x0000000008007dac                USBD_CtlContinueRx
 .text.USBD_CtlSendStatus
                0x0000000008007dbc       0x16 Middlewares/ST/STM32_USB_Device_Library/Core/Src/usbd_ioreq.o
                0x0000000008007dbc                USBD_CtlSendStatus
 .text.USBD_CtlReceiveStatus
                0x0000000008007dd2       0x16 Middlewares/ST/STM32_USB_Device_Library/Core/Src/usbd_ioreq.o
                0x0000000008007dd2                USBD_CtlReceiveStatus
 .text.MX_USB_Device_Init
                0x0000000008007de8       0x50 USB_Device/App/usb_device.o
                0x0000000008007de8                MX_USB_Device_Init
 .text.CDC_DeInit_FS
                0x0000000008007e38        0x4 USB_Device/App/usbd_cdc_if.o
 .text.CDC_Control_FS
                0x0000000008007e3c        0x4 USB_Device/App/usbd_cdc_if.o
 .text.CDC_TransmitCplt_FS
                0x0000000008007e40        0x4 USB_Device/App/usbd_cdc_if.o
 .text.CDC_Receive_FS
                0x0000000008007e44       0x1c USB_Device/App/usbd_cdc_if.o
 .text.CDC_Init_FS
                0x0000000008007e60       0x28 USB_Device/App/usbd_cdc_if.o
 .text.CDC_Transmit_FS
                0x0000000008007e88       0x2c USB_Device/App/usbd_cdc_if.o
                0x0000000008007e88                CDC_Transmit_FS
 .text.USBD_CDC_DeviceDescriptor
                0x0000000008007eb4        0xc USB_Device/App/usbd_desc.o
                0x0000000008007eb4                USBD_CDC_DeviceDescriptor
 .text.USBD_CDC_LangIDStrDescriptor
                0x0000000008007ec0        0xc USB_Device/App/usbd_desc.o
                0x0000000008007ec0                USBD_CDC_LangIDStrDescriptor
 .text.IntToUnicode
                0x0000000008007ecc       0x2a USB_Device/App/usbd_desc.o
 *fill*         0x0000000008007ef6        0x2 
 .text.USBD_CDC_SerialStrDescriptor
                0x0000000008007ef8       0x40 USB_Device/App/usbd_desc.o
                0x0000000008007ef8                USBD_CDC_SerialStrDescriptor
 .text.USBD_CDC_ManufacturerStrDescriptor
                0x0000000008007f38       0x1c USB_Device/App/usbd_desc.o
                0x0000000008007f38                USBD_CDC_ManufacturerStrDescriptor
 .text.USBD_CDC_ProductStrDescriptor
                0x0000000008007f54       0x1c USB_Device/App/usbd_desc.o
                0x0000000008007f54                USBD_CDC_ProductStrDescriptor
 .text.USBD_CDC_ConfigStrDescriptor
                0x0000000008007f70       0x1c USB_Device/App/usbd_desc.o
                0x0000000008007f70                USBD_CDC_ConfigStrDescriptor
 .text.USBD_CDC_InterfaceStrDescriptor
                0x0000000008007f8c       0x1c USB_Device/App/usbd_desc.o
                0x0000000008007f8c                USBD_CDC_InterfaceStrDescriptor
 .text.HAL_PCD_MspInit
                0x0000000008007fa8       0x40 USB_Device/Target/usbd_conf.o
                0x0000000008007fa8                HAL_PCD_MspInit
 .text.HAL_PCD_SetupStageCallback
                0x0000000008007fe8        0xc USB_Device/Target/usbd_conf.o
                0x0000000008007fe8                HAL_PCD_SetupStageCallback
 .text.HAL_PCD_DataOutStageCallback
                0x0000000008007ff4       0x12 USB_Device/Target/usbd_conf.o
                0x0000000008007ff4                HAL_PCD_DataOutStageCallback
 .text.HAL_PCD_DataInStageCallback
                0x0000000008008006       0x10 USB_Device/Target/usbd_conf.o
                0x0000000008008006                HAL_PCD_DataInStageCallback
 .text.HAL_PCD_SOFCallback
                0x0000000008008016        0x8 USB_Device/Target/usbd_conf.o
                0x0000000008008016                HAL_PCD_SOFCallback
 .text.HAL_PCD_ResetCallback
                0x000000000800801e       0x24 USB_Device/Target/usbd_conf.o
                0x000000000800801e                HAL_PCD_ResetCallback
 *fill*         0x0000000008008042        0x2 
 .text.HAL_PCD_SuspendCallback
                0x0000000008008044       0x20 USB_Device/Target/usbd_conf.o
                0x0000000008008044                HAL_PCD_SuspendCallback
 .text.HAL_PCD_ResumeCallback
                0x0000000008008064       0x28 USB_Device/Target/usbd_conf.o
                0x0000000008008064                HAL_PCD_ResumeCallback
 .text.USBD_LL_Init
                0x000000000800808c       0x88 USB_Device/Target/usbd_conf.o
                0x000000000800808c                USBD_LL_Init
 .text.USBD_LL_Start
                0x0000000008008114       0x1c USB_Device/Target/usbd_conf.o
                0x0000000008008114                USBD_LL_Start
 .text.USBD_LL_OpenEP
                0x0000000008008130       0x20 USB_Device/Target/usbd_conf.o
                0x0000000008008130                USBD_LL_OpenEP
 .text.USBD_LL_CloseEP
                0x0000000008008150       0x1c USB_Device/Target/usbd_conf.o
                0x0000000008008150                USBD_LL_CloseEP
 .text.USBD_LL_StallEP
                0x000000000800816c       0x1c USB_Device/Target/usbd_conf.o
                0x000000000800816c                USBD_LL_StallEP
 .text.USBD_LL_ClearStallEP
                0x0000000008008188       0x1c USB_Device/Target/usbd_conf.o
                0x0000000008008188                USBD_LL_ClearStallEP
 .text.USBD_LL_IsStallEP
                0x00000000080081a4       0x28 USB_Device/Target/usbd_conf.o
                0x00000000080081a4                USBD_LL_IsStallEP
 .text.USBD_LL_SetUSBAddress
                0x00000000080081cc       0x1c USB_Device/Target/usbd_conf.o
                0x00000000080081cc                USBD_LL_SetUSBAddress
 .text.USBD_LL_Transmit
                0x00000000080081e8       0x1c USB_Device/Target/usbd_conf.o
                0x00000000080081e8                USBD_LL_Transmit
 .text.USBD_LL_PrepareReceive
                0x0000000008008204       0x1c USB_Device/Target/usbd_conf.o
                0x0000000008008204                USBD_LL_PrepareReceive
 .text.USBD_LL_GetRxDataSize
                0x0000000008008220        0x8 USB_Device/Target/usbd_conf.o
                0x0000000008008220                USBD_LL_GetRxDataSize
 .text.HAL_PCDEx_LPM_Callback
                0x0000000008008228       0x48 USB_Device/Target/usbd_conf.o
                0x0000000008008228                HAL_PCDEx_LPM_Callback
 .text.USBD_static_malloc
                0x0000000008008270        0x8 USB_Device/Target/usbd_conf.o
                0x0000000008008270                USBD_static_malloc
 .text.USBD_static_free
                0x0000000008008278        0x2 USB_Device/Target/usbd_conf.o
                0x0000000008008278                USBD_static_free
 .text._ZdlPv   0x000000000800827a        0x4 c:/soft/stm32cubeide_1.6.0/stm32cubeide/plugins/com.st.stm32cube.ide.mcu.externaltools.gnu-tools-for-stm32.9-2020-q2-update.win32_1.5.0.202011040924/tools/bin/../lib/gcc/arm-none-eabi/9.3.1/../../../../arm-none-eabi/lib/thumb/v7e-m+fp/hard\libstdc++_nano.a(del_op.o)
                0x000000000800827a                operator delete(void*)
 .text._Znwj    0x000000000800827e       0x22 c:/soft/stm32cubeide_1.6.0/stm32cubeide/plugins/com.st.stm32cube.ide.mcu.externaltools.gnu-tools-for-stm32.9-2020-q2-update.win32_1.5.0.202011040924/tools/bin/../lib/gcc/arm-none-eabi/9.3.1/../../../../arm-none-eabi/lib/thumb/v7e-m+fp/hard\libstdc++_nano.a(new_op.o)
                0x000000000800827e                operator new(unsigned int)
 .text.unlikely._ZSt17__throw_bad_allocv
                0x00000000080082a0        0x6 c:/soft/stm32cubeide_1.6.0/stm32cubeide/plugins/com.st.stm32cube.ide.mcu.externaltools.gnu-tools-for-stm32.9-2020-q2-update.win32_1.5.0.202011040924/tools/bin/../lib/gcc/arm-none-eabi/9.3.1/../../../../arm-none-eabi/lib/thumb/v7e-m+fp/hard\libstdc++_nano.a(functexcept.o)
                0x00000000080082a0                std::__throw_bad_alloc()
 .text.unlikely._ZSt20__throw_length_errorPKc
                0x00000000080082a6        0x6 c:/soft/stm32cubeide_1.6.0/stm32cubeide/plugins/com.st.stm32cube.ide.mcu.externaltools.gnu-tools-for-stm32.9-2020-q2-update.win32_1.5.0.202011040924/tools/bin/../lib/gcc/arm-none-eabi/9.3.1/../../../../arm-none-eabi/lib/thumb/v7e-m+fp/hard\libstdc++_nano.a(functexcept.o)
                0x00000000080082a6                std::__throw_length_error(char const*)
 .text._ZSt15get_new_handlerv
                0x00000000080082ac       0x10 c:/soft/stm32cubeide_1.6.0/stm32cubeide/plugins/com.st.stm32cube.ide.mcu.externaltools.gnu-tools-for-stm32.9-2020-q2-update.win32_1.5.0.202011040924/tools/bin/../lib/gcc/arm-none-eabi/9.3.1/../../../../arm-none-eabi/lib/thumb/v7e-m+fp/hard\libstdc++_nano.a(new_handler.o)
                0x00000000080082ac                std::get_new_handler()
 .text.sqrt     0x00000000080082bc       0x68 c:/soft/stm32cubeide_1.6.0/stm32cubeide/plugins/com.st.stm32cube.ide.mcu.externaltools.gnu-tools-for-stm32.9-2020-q2-update.win32_1.5.0.202011040924/tools/bin/../lib/gcc/arm-none-eabi/9.3.1/../../../../arm-none-eabi/lib/thumb/v7e-m+fp/hard\libm.a(lib_a-w_sqrt.o)
                0x00000000080082bc                sqrt
 .text.asinf    0x0000000008008324       0x64 c:/soft/stm32cubeide_1.6.0/stm32cubeide/plugins/com.st.stm32cube.ide.mcu.externaltools.gnu-tools-for-stm32.9-2020-q2-update.win32_1.5.0.202011040924/tools/bin/../lib/gcc/arm-none-eabi/9.3.1/../../../../arm-none-eabi/lib/thumb/v7e-m+fp/hard\libm.a(lib_a-wf_asin.o)
                0x0000000008008324                asinf
 .text.__ieee754_sqrt
                0x0000000008008388      0x168 c:/soft/stm32cubeide_1.6.0/stm32cubeide/plugins/com.st.stm32cube.ide.mcu.externaltools.gnu-tools-for-stm32.9-2020-q2-update.win32_1.5.0.202011040924/tools/bin/../lib/gcc/arm-none-eabi/9.3.1/../../../../arm-none-eabi/lib/thumb/v7e-m+fp/hard\libm.a(lib_a-e_sqrt.o)
                0x0000000008008388                __ieee754_sqrt
 .text.__ieee754_asinf
                0x00000000080084f0      0x1cc c:/soft/stm32cubeide_1.6.0/stm32cubeide/plugins/com.st.stm32cube.ide.mcu.externaltools.gnu-tools-for-stm32.9-2020-q2-update.win32_1.5.0.202011040924/tools/bin/../lib/gcc/arm-none-eabi/9.3.1/../../../../arm-none-eabi/lib/thumb/v7e-m+fp/hard\libm.a(lib_a-ef_asin.o)
                0x00000000080084f0                __ieee754_asinf
 .text.__ieee754_sqrtf
                0x00000000080086bc        0x6 c:/soft/stm32cubeide_1.6.0/stm32cubeide/plugins/com.st.stm32cube.ide.mcu.externaltools.gnu-tools-for-stm32.9-2020-q2-update.win32_1.5.0.202011040924/tools/bin/../lib/gcc/arm-none-eabi/9.3.1/../../../../arm-none-eabi/lib/thumb/v7e-m+fp/hard\libm.a(lib_a-ef_sqrt.o)
                0x00000000080086bc                __ieee754_sqrtf
 .text.fabsf    0x00000000080086c2        0xe c:/soft/stm32cubeide_1.6.0/stm32cubeide/plugins/com.st.stm32cube.ide.mcu.externaltools.gnu-tools-for-stm32.9-2020-q2-update.win32_1.5.0.202011040924/tools/bin/../lib/gcc/arm-none-eabi/9.3.1/../../../../arm-none-eabi/lib/thumb/v7e-m+fp/hard\libm.a(lib_a-sf_fabs.o)
                0x00000000080086c2                fabsf
 .text.nanf     0x00000000080086d0        0xc c:/soft/stm32cubeide_1.6.0/stm32cubeide/plugins/com.st.stm32cube.ide.mcu.externaltools.gnu-tools-for-stm32.9-2020-q2-update.win32_1.5.0.202011040924/tools/bin/../lib/gcc/arm-none-eabi/9.3.1/../../../../arm-none-eabi/lib/thumb/v7e-m+fp/hard\libm.a(lib_a-sf_nan.o)
                0x00000000080086d0                nanf
 .text.abort    0x00000000080086dc        0xe c:/soft/stm32cubeide_1.6.0/stm32cubeide/plugins/com.st.stm32cube.ide.mcu.externaltools.gnu-tools-for-stm32.9-2020-q2-update.win32_1.5.0.202011040924/tools/bin/../lib/gcc/arm-none-eabi/9.3.1/../../../../arm-none-eabi/lib/thumb/v7e-m+fp/hard\libc_nano.a(lib_a-abort.o)
                0x00000000080086dc                abort
 *fill*         0x00000000080086ea        0x2 
 .text.__errno  0x00000000080086ec        0xc c:/soft/stm32cubeide_1.6.0/stm32cubeide/plugins/com.st.stm32cube.ide.mcu.externaltools.gnu-tools-for-stm32.9-2020-q2-update.win32_1.5.0.202011040924/tools/bin/../lib/gcc/arm-none-eabi/9.3.1/../../../../arm-none-eabi/lib/thumb/v7e-m+fp/hard\libc_nano.a(lib_a-errno.o)
                0x00000000080086ec                __errno
 .text.__libc_init_array
                0x00000000080086f8       0x48 c:/soft/stm32cubeide_1.6.0/stm32cubeide/plugins/com.st.stm32cube.ide.mcu.externaltools.gnu-tools-for-stm32.9-2020-q2-update.win32_1.5.0.202011040924/tools/bin/../lib/gcc/arm-none-eabi/9.3.1/../../../../arm-none-eabi/lib/thumb/v7e-m+fp/hard\libc_nano.a(lib_a-init.o)
                0x00000000080086f8                __libc_init_array
 .text.malloc   0x0000000008008740       0x10 c:/soft/stm32cubeide_1.6.0/stm32cubeide/plugins/com.st.stm32cube.ide.mcu.externaltools.gnu-tools-for-stm32.9-2020-q2-update.win32_1.5.0.202011040924/tools/bin/../lib/gcc/arm-none-eabi/9.3.1/../../../../arm-none-eabi/lib/thumb/v7e-m+fp/hard\libc_nano.a(lib_a-malloc.o)
                0x0000000008008740                malloc
 .text.free     0x0000000008008750       0x10 c:/soft/stm32cubeide_1.6.0/stm32cubeide/plugins/com.st.stm32cube.ide.mcu.externaltools.gnu-tools-for-stm32.9-2020-q2-update.win32_1.5.0.202011040924/tools/bin/../lib/gcc/arm-none-eabi/9.3.1/../../../../arm-none-eabi/lib/thumb/v7e-m+fp/hard\libc_nano.a(lib_a-malloc.o)
                0x0000000008008750                free
 .text.memcpy   0x0000000008008760       0x1c c:/soft/stm32cubeide_1.6.0/stm32cubeide/plugins/com.st.stm32cube.ide.mcu.externaltools.gnu-tools-for-stm32.9-2020-q2-update.win32_1.5.0.202011040924/tools/bin/../lib/gcc/arm-none-eabi/9.3.1/../../../../arm-none-eabi/lib/thumb/v7e-m+fp/hard\libc_nano.a(lib_a-memcpy-stub.o)
                0x0000000008008760                memcpy
 .text.memmove  0x000000000800877c       0x34 c:/soft/stm32cubeide_1.6.0/stm32cubeide/plugins/com.st.stm32cube.ide.mcu.externaltools.gnu-tools-for-stm32.9-2020-q2-update.win32_1.5.0.202011040924/tools/bin/../lib/gcc/arm-none-eabi/9.3.1/../../../../arm-none-eabi/lib/thumb/v7e-m+fp/hard\libc_nano.a(lib_a-memmove.o)
                0x000000000800877c                memmove
 .text.memset   0x00000000080087b0       0x10 c:/soft/stm32cubeide_1.6.0/stm32cubeide/plugins/com.st.stm32cube.ide.mcu.externaltools.gnu-tools-for-stm32.9-2020-q2-update.win32_1.5.0.202011040924/tools/bin/../lib/gcc/arm-none-eabi/9.3.1/../../../../arm-none-eabi/lib/thumb/v7e-m+fp/hard\libc_nano.a(lib_a-memset.o)
                0x00000000080087b0                memset
 .text._free_r  0x00000000080087c0       0xa0 c:/soft/stm32cubeide_1.6.0/stm32cubeide/plugins/com.st.stm32cube.ide.mcu.externaltools.gnu-tools-for-stm32.9-2020-q2-update.win32_1.5.0.202011040924/tools/bin/../lib/gcc/arm-none-eabi/9.3.1/../../../../arm-none-eabi/lib/thumb/v7e-m+fp/hard\libc_nano.a(lib_a-nano-freer.o)
                0x00000000080087c0                _free_r
 .text._malloc_r
                0x0000000008008860       0xb4 c:/soft/stm32cubeide_1.6.0/stm32cubeide/plugins/com.st.stm32cube.ide.mcu.externaltools.gnu-tools-for-stm32.9-2020-q2-update.win32_1.5.0.202011040924/tools/bin/../lib/gcc/arm-none-eabi/9.3.1/../../../../arm-none-eabi/lib/thumb/v7e-m+fp/hard\libc_nano.a(lib_a-nano-mallocr.o)
                0x0000000008008860                _malloc_r
 .text._sbrk_r  0x0000000008008914       0x20 c:/soft/stm32cubeide_1.6.0/stm32cubeide/plugins/com.st.stm32cube.ide.mcu.externaltools.gnu-tools-for-stm32.9-2020-q2-update.win32_1.5.0.202011040924/tools/bin/../lib/gcc/arm-none-eabi/9.3.1/../../../../arm-none-eabi/lib/thumb/v7e-m+fp/hard\libc_nano.a(lib_a-sbrkr.o)
                0x0000000008008914                _sbrk_r
 .text._raise_r
                0x0000000008008934       0x50 c:/soft/stm32cubeide_1.6.0/stm32cubeide/plugins/com.st.stm32cube.ide.mcu.externaltools.gnu-tools-for-stm32.9-2020-q2-update.win32_1.5.0.202011040924/tools/bin/../lib/gcc/arm-none-eabi/9.3.1/../../../../arm-none-eabi/lib/thumb/v7e-m+fp/hard\libc_nano.a(lib_a-signal.o)
                0x0000000008008934                _raise_r
 .text.raise    0x0000000008008984       0x10 c:/soft/stm32cubeide_1.6.0/stm32cubeide/plugins/com.st.stm32cube.ide.mcu.externaltools.gnu-tools-for-stm32.9-2020-q2-update.win32_1.5.0.202011040924/tools/bin/../lib/gcc/arm-none-eabi/9.3.1/../../../../arm-none-eabi/lib/thumb/v7e-m+fp/hard\libc_nano.a(lib_a-signal.o)
                0x0000000008008984                raise
 .text._kill_r  0x0000000008008994       0x24 c:/soft/stm32cubeide_1.6.0/stm32cubeide/plugins/com.st.stm32cube.ide.mcu.externaltools.gnu-tools-for-stm32.9-2020-q2-update.win32_1.5.0.202011040924/tools/bin/../lib/gcc/arm-none-eabi/9.3.1/../../../../arm-none-eabi/lib/thumb/v7e-m+fp/hard\libc_nano.a(lib_a-signalr.o)
                0x0000000008008994                _kill_r
 .text._getpid_r
                0x00000000080089b8        0x4 c:/soft/stm32cubeide_1.6.0/stm32cubeide/plugins/com.st.stm32cube.ide.mcu.externaltools.gnu-tools-for-stm32.9-2020-q2-update.win32_1.5.0.202011040924/tools/bin/../lib/gcc/arm-none-eabi/9.3.1/../../../../arm-none-eabi/lib/thumb/v7e-m+fp/hard\libc_nano.a(lib_a-signalr.o)
                0x00000000080089b8                _getpid_r
 .text.sprintf  0x00000000080089bc       0x40 c:/soft/stm32cubeide_1.6.0/stm32cubeide/plugins/com.st.stm32cube.ide.mcu.externaltools.gnu-tools-for-stm32.9-2020-q2-update.win32_1.5.0.202011040924/tools/bin/../lib/gcc/arm-none-eabi/9.3.1/../../../../arm-none-eabi/lib/thumb/v7e-m+fp/hard\libc_nano.a(lib_a-sprintf.o)
                0x00000000080089bc                siprintf
                0x00000000080089bc                sprintf
 .text.__malloc_lock
                0x00000000080089fc        0xc c:/soft/stm32cubeide_1.6.0/stm32cubeide/plugins/com.st.stm32cube.ide.mcu.externaltools.gnu-tools-for-stm32.9-2020-q2-update.win32_1.5.0.202011040924/tools/bin/../lib/gcc/arm-none-eabi/9.3.1/../../../../arm-none-eabi/lib/thumb/v7e-m+fp/hard\libc_nano.a(lib_a-mlock.o)
                0x00000000080089fc                __malloc_lock
 .text.__malloc_unlock
                0x0000000008008a08        0xc c:/soft/stm32cubeide_1.6.0/stm32cubeide/plugins/com.st.stm32cube.ide.mcu.externaltools.gnu-tools-for-stm32.9-2020-q2-update.win32_1.5.0.202011040924/tools/bin/../lib/gcc/arm-none-eabi/9.3.1/../../../../arm-none-eabi/lib/thumb/v7e-m+fp/hard\libc_nano.a(lib_a-mlock.o)
                0x0000000008008a08                __malloc_unlock
 .text.__ssputs_r
                0x0000000008008a14       0xb6 c:/soft/stm32cubeide_1.6.0/stm32cubeide/plugins/com.st.stm32cube.ide.mcu.externaltools.gnu-tools-for-stm32.9-2020-q2-update.win32_1.5.0.202011040924/tools/bin/../lib/gcc/arm-none-eabi/9.3.1/../../../../arm-none-eabi/lib/thumb/v7e-m+fp/hard\libc_nano.a(lib_a-nano-svfprintf.o)
                0x0000000008008a14                __ssputs_r
 *fill*         0x0000000008008aca        0x2 
 .text._svfprintf_r
                0x0000000008008acc      0x200 c:/soft/stm32cubeide_1.6.0/stm32cubeide/plugins/com.st.stm32cube.ide.mcu.externaltools.gnu-tools-for-stm32.9-2020-q2-update.win32_1.5.0.202011040924/tools/bin/../lib/gcc/arm-none-eabi/9.3.1/../../../../arm-none-eabi/lib/thumb/v7e-m+fp/hard\libc_nano.a(lib_a-nano-svfprintf.o)
                0x0000000008008acc                _svfiprintf_r
                0x0000000008008acc                _svfprintf_r
 .text._printf_common
                0x0000000008008ccc       0xda c:/soft/stm32cubeide_1.6.0/stm32cubeide/plugins/com.st.stm32cube.ide.mcu.externaltools.gnu-tools-for-stm32.9-2020-q2-update.win32_1.5.0.202011040924/tools/bin/../lib/gcc/arm-none-eabi/9.3.1/../../../../arm-none-eabi/lib/thumb/v7e-m+fp/hard\libc_nano.a(lib_a-nano-vfprintf_i.o)
                0x0000000008008ccc                _printf_common
 *fill*         0x0000000008008da6        0x2 
 .text._printf_i
                0x0000000008008da8      0x24c c:/soft/stm32cubeide_1.6.0/stm32cubeide/plugins/com.st.stm32cube.ide.mcu.externaltools.gnu-tools-for-stm32.9-2020-q2-update.win32_1.5.0.202011040924/tools/bin/../lib/gcc/arm-none-eabi/9.3.1/../../../../arm-none-eabi/lib/thumb/v7e-m+fp/hard\libc_nano.a(lib_a-nano-vfprintf_i.o)
                0x0000000008008da8                _printf_i
 .text.__retarget_lock_acquire_recursive
                0x0000000008008ff4        0x2 c:/soft/stm32cubeide_1.6.0/stm32cubeide/plugins/com.st.stm32cube.ide.mcu.externaltools.gnu-tools-for-stm32.9-2020-q2-update.win32_1.5.0.202011040924/tools/bin/../lib/gcc/arm-none-eabi/9.3.1/../../../../arm-none-eabi/lib/thumb/v7e-m+fp/hard\libc_nano.a(lib_a-lock.o)
                0x0000000008008ff4                __retarget_lock_acquire_recursive
 .text.__retarget_lock_release_recursive
                0x0000000008008ff6        0x2 c:/soft/stm32cubeide_1.6.0/stm32cubeide/plugins/com.st.stm32cube.ide.mcu.externaltools.gnu-tools-for-stm32.9-2020-q2-update.win32_1.5.0.202011040924/tools/bin/../lib/gcc/arm-none-eabi/9.3.1/../../../../arm-none-eabi/lib/thumb/v7e-m+fp/hard\libc_nano.a(lib_a-lock.o)
                0x0000000008008ff6                __retarget_lock_release_recursive
 .text._realloc_r
                0x0000000008008ff8       0x4c c:/soft/stm32cubeide_1.6.0/stm32cubeide/plugins/com.st.stm32cube.ide.mcu.externaltools.gnu-tools-for-stm32.9-2020-q2-update.win32_1.5.0.202011040924/tools/bin/../lib/gcc/arm-none-eabi/9.3.1/../../../../arm-none-eabi/lib/thumb/v7e-m+fp/hard\libc_nano.a(lib_a-nano-reallocr.o)
                0x0000000008008ff8                _realloc_r
 .text._malloc_usable_size_r
                0x0000000008009044       0x10 c:/soft/stm32cubeide_1.6.0/stm32cubeide/plugins/com.st.stm32cube.ide.mcu.externaltools.gnu-tools-for-stm32.9-2020-q2-update.win32_1.5.0.202011040924/tools/bin/../lib/gcc/arm-none-eabi/9.3.1/../../../../arm-none-eabi/lib/thumb/v7e-m+fp/hard\libc_nano.a(lib_a-nano-msizer.o)
                0x0000000008009044                _malloc_usable_size_r
 *(.glue_7)
 .glue_7        0x0000000008009054        0x0 linker stubs
 *(.glue_7t)
 .glue_7t       0x0000000008009054        0x0 linker stubs
 *(.eh_frame)
 .eh_frame      0x0000000008009054        0x0 c:/soft/stm32cubeide_1.6.0/stm32cubeide/plugins/com.st.stm32cube.ide.mcu.externaltools.gnu-tools-for-stm32.9-2020-q2-update.win32_1.5.0.202011040924/tools/bin/../lib/gcc/arm-none-eabi/9.3.1/thumb/v7e-m+fp/hard/crtbegin.o
 *(.init)
 .init          0x0000000008009054        0x4 c:/soft/stm32cubeide_1.6.0/stm32cubeide/plugins/com.st.stm32cube.ide.mcu.externaltools.gnu-tools-for-stm32.9-2020-q2-update.win32_1.5.0.202011040924/tools/bin/../lib/gcc/arm-none-eabi/9.3.1/thumb/v7e-m+fp/hard/crti.o
                0x0000000008009054                _init
 .init          0x0000000008009058        0x8 c:/soft/stm32cubeide_1.6.0/stm32cubeide/plugins/com.st.stm32cube.ide.mcu.externaltools.gnu-tools-for-stm32.9-2020-q2-update.win32_1.5.0.202011040924/tools/bin/../lib/gcc/arm-none-eabi/9.3.1/thumb/v7e-m+fp/hard/crtn.o
 *(.fini)
 .fini          0x0000000008009060        0x4 c:/soft/stm32cubeide_1.6.0/stm32cubeide/plugins/com.st.stm32cube.ide.mcu.externaltools.gnu-tools-for-stm32.9-2020-q2-update.win32_1.5.0.202011040924/tools/bin/../lib/gcc/arm-none-eabi/9.3.1/thumb/v7e-m+fp/hard/crti.o
                0x0000000008009060                _fini
 .fini          0x0000000008009064        0x8 c:/soft/stm32cubeide_1.6.0/stm32cubeide/plugins/com.st.stm32cube.ide.mcu.externaltools.gnu-tools-for-stm32.9-2020-q2-update.win32_1.5.0.202011040924/tools/bin/../lib/gcc/arm-none-eabi/9.3.1/thumb/v7e-m+fp/hard/crtn.o
                0x000000000800906c                . = ALIGN (0x4)
                0x000000000800906c                _etext = .

.vfp11_veneer   0x000000000800906c        0x0
 .vfp11_veneer  0x000000000800906c        0x0 linker stubs

.v4_bx          0x000000000800906c        0x0
 .v4_bx         0x000000000800906c        0x0 linker stubs

.iplt           0x000000000800906c        0x0
 .iplt          0x000000000800906c        0x0 c:/soft/stm32cubeide_1.6.0/stm32cubeide/plugins/com.st.stm32cube.ide.mcu.externaltools.gnu-tools-for-stm32.9-2020-q2-update.win32_1.5.0.202011040924/tools/bin/../lib/gcc/arm-none-eabi/9.3.1/thumb/v7e-m+fp/hard/crtbegin.o

.rodata         0x000000000800906c      0x148
                0x000000000800906c                . = ALIGN (0x4)
 *(.rodata)
 .rodata        0x000000000800906c       0x18 Core/Src/main.o
 *(.rodata*)
 .rodata._ZNSt6vectorIfSaIfEE19_M_range_initializeIPKfEEvT_S5_St20forward_iterator_tag.isra.0.str1.1
                0x0000000008009084       0x31 Core/Src/icm42605.o
 .rodata._ZNSt6vectorIfSaIfEEC2ESt16initializer_listIfERKS0_.constprop.0.str1.1
                0x00000000080090b5       0x31 Core/Src/main.o
 .rodata.HAL_TIM_PeriodElapsedCallback.str1.1
                0x00000000080090b5       0x75 Core/Src/main.o
                                         0x81 (size before relaxing)
 .rodata._ZNSt6vectorIfSaIfEEC2EjRKfRKS0_.str1.1
                0x000000000800912a       0x31 Core/Src/matrix_math.o
 .rodata.AHBPrescTable
                0x000000000800912a       0x10 Core/Src/system_stm32g4xx.o
                0x000000000800912a                AHBPrescTable
 .rodata.USBD_CDC_ManufacturerStrDescriptor.str1.1
                0x000000000800913a       0x13 USB_Device/App/usbd_desc.o
 .rodata.USBD_CDC_ProductStrDescriptor.str1.1
                0x000000000800914d       0x16 USB_Device/App/usbd_desc.o
 .rodata.USBD_CDC_ConfigStrDescriptor.str1.1
                0x0000000008009163        0xb USB_Device/App/usbd_desc.o
 .rodata.USBD_CDC_InterfaceStrDescriptor.str1.1
                0x000000000800916e        0xe USB_Device/App/usbd_desc.o
 .rodata.CSWTCH.3
                0x000000000800917c        0x4 USB_Device/Target/usbd_conf.o
 .rodata.asinf.str1.1
                0x0000000008009180        0xe c:/soft/stm32cubeide_1.6.0/stm32cubeide/plugins/com.st.stm32cube.ide.mcu.externaltools.gnu-tools-for-stm32.9-2020-q2-update.win32_1.5.0.202011040924/tools/bin/../lib/gcc/arm-none-eabi/9.3.1/../../../../arm-none-eabi/lib/thumb/v7e-m+fp/hard\libm.a(lib_a-wf_asin.o)
                                          0x1 (size before relaxing)
 .rodata._svfprintf_r.str1.1