kalman.cpp:44:1:kf_math::kf_math()	0	static
kalman.cpp:53:1:kf_math::~kf_math()	0	static
kalman.cpp:55:7:float kf_math::variance(float, int)	0	static
stl_construct.h:105:9:static void std::_Destroy_aux<<anonymous> >::__destroy(_ForwardIterator, _ForwardIterator) [with _ForwardIterator = std::vector<float>*; bool <anonymous> = false]	16	static
stl_vector.h:675:7:std::vector<_Tp, _Alloc>::~vector() [with _Tp = std::vector<float>; _Alloc = std::allocator<std::vector<float> >]	8	static
kalman.cpp:24:1:Kalman::~Kalman()	8	static
stl_vector.h:1812:7:void std::vector<_Tp, _Alloc>::_M_move_assign(std::vector<_Tp, _Alloc>&&, std::true_type) [with _Tp = std::vector<float>; _Alloc = std::allocator<std::vector<float> >]	32	static
stl_algobase.h:375:2:static _Tp* std::__copy_move<_IsMove, true, std::random_access_iterator_tag>::__copy_m(const _Tp*, const _Tp*, _Tp*) [with _Tp = float; bool _IsMove = false]	8	static
vector.tcc:198:5:std::vector<_Tp, _Alloc>& std::vector<_Tp, _Alloc>::operator=(const std::vector<_Tp, _Alloc>&) [with _Tp = float; _Alloc = std::allocator<float>]	32	static
stl_vector.h:550:7:std::vector<_Tp, _Alloc>::vector(const std::vector<_Tp, _Alloc>&) [with _Tp = float; _Alloc = std::allocator<float>]	16	static
stl_vector.h:550:7:std::vector<_Tp, _Alloc>::vector(const std::vector<_Tp, _Alloc>&) [with _Tp = std::vector<float>; _Alloc = std::allocator<std::vector<float> >]	32	static
kalman.cpp:26:6:void Kalman::Prediction(matrix)	112	static
kalman.cpp:32:6:void Kalman::KalmanGain(matrix)	120	static
kalman.cpp:38:6:void Kalman::Update(matrix)	112	static
vector.tcc:198:5:std::vector<_Tp, _Alloc>& std::vector<_Tp, _Alloc>::operator=(const std::vector<_Tp, _Alloc>&) [with _Tp = std::vector<float>; _Alloc = std::allocator<std::vector<float> >]	40	static
kalman.cpp:12:1:Kalman::Kalman(matrix, matrix, matrix, matrix, matrix, matrix, matrix)	16	static
