new_allocator.h:102:7:_Tp* __gnu_cxx::new_allocator<_Tp>::allocate(__gnu_cxx::new_allocator<_Tp>::size_type, const void*) [with _Tp = float]	8	static
new_allocator.h:102:7:_Tp* __gnu_cxx::new_allocator<_Tp>::allocate(__gnu_cxx::new_allocator<_Tp>::size_type, const void*) [with _Tp = std::vector<float>]	8	static
main.cpp:115:2:cop_t::cop_t()	12	static
main.cpp:254:6:void SystemClock_Config()	168	static,ignoring_inline_asm
main.cpp:737:6:void front_panel_decoder_enable()	8	static
main.cpp:743:6:void back_panel_decoder_enable()	8	static
main.cpp:163:5:int main()	72	static,ignoring_inline_asm
main.cpp:752:6:void delay_us(uint16_t)	0	static
main.cpp:771:6:void cop_t::centre_of_pressure(float*, float*)	0	static
main.cpp:784:6:void Error_Handler()	0	static,ignoring_inline_asm
stl_vector.h:330:7:std::_Vector_base<_Tp, _Alloc>::~_Vector_base() [with _Tp = float; _Alloc = std::allocator<float>]	8	static
stl_vector.h:675:7:std::vector<_Tp, _Alloc>::~vector() [with _Tp = std::vector<float>; _Alloc = std::allocator<std::vector<float> >]	16	static
stl_vector.h:356:7:void std::_Vector_base<_Tp, _Alloc>::_M_create_storage(std::size_t) [with _Tp = float; _Alloc = std::allocator<float>]	16	static
stl_vector.h:356:7:void std::_Vector_base<_Tp, _Alloc>::_M_create_storage(std::size_t) [with _Tp = std::vector<float>; _Alloc = std::allocator<std::vector<float> >]	16	static
stl_algobase.h:375:2:static _Tp* std::__copy_move<_IsMove, true, std::random_access_iterator_tag>::__copy_m(const _Tp*, const _Tp*, _Tp*) [with _Tp = float; bool _IsMove = false]	8	static
stl_vector.h:622:7:std::vector<_Tp, _Alloc>::vector(std::initializer_list<_Tp>, const allocator_type&) [with _Tp = float; _Alloc = std::allocator<float>]	32	static
stl_vector.h:550:7:std::vector<_Tp, _Alloc>::vector(const std::vector<_Tp, _Alloc>&) [with _Tp = float; _Alloc = std::allocator<float>]	16	static
stl_vector.h:550:7:std::vector<_Tp, _Alloc>::vector(const std::vector<_Tp, _Alloc>&) [with _Tp = std::vector<float>; _Alloc = std::allocator<std::vector<float> >]	32	static
stl_vector.h:622:7:std::vector<_Tp, _Alloc>::vector(std::initializer_list<_Tp>, const allocator_type&) [with _Tp = std::vector<float>; _Alloc = std::allocator<std::vector<float> >]	40	static
main.cpp:793:1:void __static_initialization_and_destruction_0(int, int)	312	static
vector.tcc:198:5:std::vector<_Tp, _Alloc>& std::vector<_Tp, _Alloc>::operator=(const std::vector<_Tp, _Alloc>&) [with _Tp = float; _Alloc = std::allocator<float>]	32	static
vector.tcc:300:7:void std::vector<_Tp, _Alloc>::_M_assign_aux(_ForwardIterator, _ForwardIterator, std::forward_iterator_tag) [with _ForwardIterator = const std::vector<float>*; _Tp = std::vector<float>; _Alloc = std::allocator<std::vector<float> >]	32	static
main.cpp:631:6:void HAL_TIM_PeriodElapsedCallback(TIM_HandleTypeDef*)	128	static
main.cpp:793:1:cpp)	0	static
main.cpp:793:1:cpp)	0	static
